Archive member included because of file (symbol)

/usr/local/CodeSourcery/ARM_EABI/bin/../lib/gcc/arm-none-eabi/4.6.1/../../../../arm-none-eabi/lib/thumb2/libc.a(lib_a-abort.o)
                              src/dlmalloc.o (abort)
/usr/local/CodeSourcery/ARM_EABI/bin/../lib/gcc/arm-none-eabi/4.6.1/../../../../arm-none-eabi/lib/thumb2/libc.a(lib_a-atoi.o)
                              src/lua/lua.o (atoi)
/usr/local/CodeSourcery/ARM_EABI/bin/../lib/gcc/arm-none-eabi/4.6.1/../../../../arm-none-eabi/lib/thumb2/libc.a(lib_a-clearerr.o)
                              src/shell.o (clearerr)
/usr/local/CodeSourcery/ARM_EABI/bin/../lib/gcc/arm-none-eabi/4.6.1/../../../../arm-none-eabi/lib/thumb2/libc.a(lib_a-clock.o)
                              src/lua/loslib.o (clock)
/usr/local/CodeSourcery/ARM_EABI/bin/../lib/gcc/arm-none-eabi/4.6.1/../../../../arm-none-eabi/lib/thumb2/libc.a(lib_a-ctype_.o)
                              src/common.o (__ctype_ptr__)
/usr/local/CodeSourcery/ARM_EABI/bin/../lib/gcc/arm-none-eabi/4.6.1/../../../../arm-none-eabi/lib/thumb2/libc.a(lib_a-difftime.o)
                              src/lua/loslib.o (difftime)
/usr/local/CodeSourcery/ARM_EABI/bin/../lib/gcc/arm-none-eabi/4.6.1/../../../../arm-none-eabi/lib/thumb2/libc.a(lib_a-errno.o)
                              src/dlmalloc.o (__errno)
/usr/local/CodeSourcery/ARM_EABI/bin/../lib/gcc/arm-none-eabi/4.6.1/../../../../arm-none-eabi/lib/thumb2/libc.a(lib_a-exit.o)
                              src/lua/ldo.o (exit)
/usr/local/CodeSourcery/ARM_EABI/bin/../lib/gcc/arm-none-eabi/4.6.1/../../../../arm-none-eabi/lib/thumb2/libc.a(lib_a-fclose.o)
                              src/main.o (fclose)
/usr/local/CodeSourcery/ARM_EABI/bin/../lib/gcc/arm-none-eabi/4.6.1/../../../../arm-none-eabi/lib/thumb2/libc.a(lib_a-feof.o)
                              src/lua/lauxlib.o (feof)
/usr/local/CodeSourcery/ARM_EABI/bin/../lib/gcc/arm-none-eabi/4.6.1/../../../../arm-none-eabi/lib/thumb2/libc.a(lib_a-ferror.o)
                              src/lua/lauxlib.o (ferror)
/usr/local/CodeSourcery/ARM_EABI/bin/../lib/gcc/arm-none-eabi/4.6.1/../../../../arm-none-eabi/lib/thumb2/libc.a(lib_a-fflush.o)
                              /usr/local/CodeSourcery/ARM_EABI/bin/../lib/gcc/arm-none-eabi/4.6.1/../../../../arm-none-eabi/lib/thumb2/libc.a(lib_a-fclose.o) (_fflush_r)
/usr/local/CodeSourcery/ARM_EABI/bin/../lib/gcc/arm-none-eabi/4.6.1/../../../../arm-none-eabi/lib/thumb2/libc.a(lib_a-fgetc.o)
                              src/shell.o (fgetc)
/usr/local/CodeSourcery/ARM_EABI/bin/../lib/gcc/arm-none-eabi/4.6.1/../../../../arm-none-eabi/lib/thumb2/libc.a(lib_a-fgets.o)
                              src/linenoise.o (fgets)
/usr/local/CodeSourcery/ARM_EABI/bin/../lib/gcc/arm-none-eabi/4.6.1/../../../../arm-none-eabi/lib/thumb2/libc.a(lib_a-findfp.o)
                              /usr/local/CodeSourcery/ARM_EABI/bin/../lib/gcc/arm-none-eabi/4.6.1/../../../../arm-none-eabi/lib/thumb2/libc.a(lib_a-clearerr.o) (__sinit)
/usr/local/CodeSourcery/ARM_EABI/bin/../lib/gcc/arm-none-eabi/4.6.1/../../../../arm-none-eabi/lib/thumb2/libc.a(lib_a-fopen.o)
                              src/main.o (fopen)
/usr/local/CodeSourcery/ARM_EABI/bin/../lib/gcc/arm-none-eabi/4.6.1/../../../../arm-none-eabi/lib/thumb2/libc.a(lib_a-fprintf.o)
                              src/buf.o (fprintf)
/usr/local/CodeSourcery/ARM_EABI/bin/../lib/gcc/arm-none-eabi/4.6.1/../../../../arm-none-eabi/lib/thumb2/libc.a(lib_a-fputs.o)
                              src/linenoise.o (fputs)
/usr/local/CodeSourcery/ARM_EABI/bin/../lib/gcc/arm-none-eabi/4.6.1/../../../../arm-none-eabi/lib/thumb2/libc.a(lib_a-fread.o)
                              src/shell.o (fread)
/usr/local/CodeSourcery/ARM_EABI/bin/../lib/gcc/arm-none-eabi/4.6.1/../../../../arm-none-eabi/lib/thumb2/libc.a(lib_a-freopen.o)
                              src/lua/lauxlib.o (freopen)
/usr/local/CodeSourcery/ARM_EABI/bin/../lib/gcc/arm-none-eabi/4.6.1/../../../../arm-none-eabi/lib/thumb2/libc.a(lib_a-fscanf.o)
                              src/lua/liolib.o (fscanf)
/usr/local/CodeSourcery/ARM_EABI/bin/../lib/gcc/arm-none-eabi/4.6.1/../../../../arm-none-eabi/lib/thumb2/libc.a(lib_a-fseek.o)
                              /usr/local/CodeSourcery/ARM_EABI/bin/../lib/gcc/arm-none-eabi/4.6.1/../../../../arm-none-eabi/lib/thumb2/libc.a(lib_a-fopen.o) (_fseek_r)
/usr/local/CodeSourcery/ARM_EABI/bin/../lib/gcc/arm-none-eabi/4.6.1/../../../../arm-none-eabi/lib/thumb2/libc.a(lib_a-ftell.o)
                              src/lua/liolib.o (ftell)
/usr/local/CodeSourcery/ARM_EABI/bin/../lib/gcc/arm-none-eabi/4.6.1/../../../../arm-none-eabi/lib/thumb2/libc.a(lib_a-fvwrite.o)
                              /usr/local/CodeSourcery/ARM_EABI/bin/../lib/gcc/arm-none-eabi/4.6.1/../../../../arm-none-eabi/lib/thumb2/libc.a(lib_a-fputs.o) (__sfvwrite_r)
/usr/local/CodeSourcery/ARM_EABI/bin/../lib/gcc/arm-none-eabi/4.6.1/../../../../arm-none-eabi/lib/thumb2/libc.a(lib_a-fwalk.o)
[...]
Memory Configuration

Name             Origin             Length             Attributes
sram             0x20000000         0x00020000         w !xr
CCMRAM           0x10000000         0x00010000         xrw
flash            0x08000000         0x00100000         xr
*default*        0x00000000         0xffffffff

Linker script and memory map

LOAD src/main.o
LOAD src/romfs.o
LOAD src/semifs.o
LOAD src/xmodem.o
LOAD src/shell.o
LOAD src/term.o
LOAD src/common.o
LOAD src/common_tmr.o
LOAD src/buf.o
LOAD src/elua_adc.o
LOAD src/dlmalloc.o
LOAD src/salloc.o
LOAD src/luarpc_elua_uart.o
LOAD src/elua_int.o
LOAD src/linenoise.o
LOAD src/common_uart.o
LOAD src/eluarpc.o
LOAD src/elua_mmc.o
LOAD src/mmcfs.o
LOAD src/fatfs/ff.o
LOAD src/fatfs/ccsbcs.o
LOAD src/platform/stm32f4/FWLib/library/src/misc.o
LOAD src/platform/stm32f4/FWLib/library/src/stm32f4xx_adc.o
LOAD src/platform/stm32f4/FWLib/library/src/stm32f4xx_can.o
LOAD src/platform/stm32f4/FWLib/library/src/stm32f4xx_crc.o
LOAD src/platform/stm32f4/FWLib/library/src/stm32f4xx_cryp.o
LOAD src/platform/stm32f4/FWLib/library/src/stm32f4xx_cryp_aes.o
LOAD src/platform/stm32f4/FWLib/library/src/stm32f4xx_cryp_des.o
LOAD src/platform/stm32f4/FWLib/library/src/stm32f4xx_cryp_tdes.o
LOAD src/platform/stm32f4/FWLib/library/src/stm32f4xx_dac.o
LOAD src/platform/stm32f4/FWLib/library/src/stm32f4xx_dbgmcu.o
LOAD src/platform/stm32f4/FWLib/library/src/stm32f4xx_dcmi.o
LOAD src/platform/stm32f4/FWLib/library/src/stm32f4xx_dma.o
LOAD src/platform/stm32f4/FWLib/library/src/stm32f4xx_exti.o
LOAD src/platform/stm32f4/FWLib/library/src/stm32f4xx_flash.o
LOAD src/platform/stm32f4/FWLib/library/src/stm32f4xx_fsmc.o
LOAD src/platform/stm32f4/FWLib/library/src/stm32f4xx_gpio.o
LOAD src/platform/stm32f4/FWLib/library/src/stm32f4xx_hash.o
LOAD src/platform/stm32f4/FWLib/library/src/stm32f4xx_hash_md5.o
LOAD src/platform/stm32f4/FWLib/library/src/stm32f4xx_hash_sha1.o
LOAD src/platform/stm32f4/FWLib/library/src/stm32f4xx_i2c.o
LOAD src/platform/stm32f4/FWLib/library/src/stm32f4xx_iwdg.o
LOAD src/platform/stm32f4/FWLib/library/src/stm32f4xx_pwr.o
LOAD src/platform/stm32f4/FWLib/library/src/stm32f4xx_rcc.o
LOAD src/platform/stm32f4/FWLib/library/src/stm32f4xx_rng.o
LOAD src/platform/stm32f4/FWLib/library/src/stm32f4xx_rtc.o
LOAD src/platform/stm32f4/FWLib/library/src/stm32f4xx_sdio.o
LOAD src/platform/stm32f4/FWLib/library/src/stm32f4xx_spi.o
LOAD src/platform/stm32f4/FWLib/library/src/stm32f4xx_syscfg.o
LOAD src/platform/stm32f4/FWLib/library/src/stm32f4xx_tim.o
LOAD src/platform/stm32f4/FWLib/library/src/stm32f4xx_usart.o
LOAD src/platform/stm32f4/FWLib/library/src/stm32f4xx_wwdg.o
LOAD src/platform/stm32f4/system_stm32f4xx.o
LOAD src/platform/stm32f4/startup_stm32f4xx.o
LOAD src/platform/stm32f4/stm32f4xx_it.o
LOAD src/platform/stm32f4/platform.o
LOAD src/platform/stm32f4/platform_int.o
LOAD src/platform/cortex_utils.o
LOAD src/platform/arm_cortex_interrupts.o
LOAD src/newlib/devman.o
LOAD src/newlib/stubs.o
LOAD src/newlib/genstd.o
LOAD src/newlib/stdtcp.o
LOAD src/elua_uip.o
LOAD src/uip/uip_arp.o
LOAD src/uip/uip.o
LOAD src/uip/uiplib.o
LOAD src/uip/dhcpc.o
LOAD src/uip/psock.o
LOAD src/uip/resolv.o
LOAD src/lua/lapi.o
LOAD src/lua/lcode.o
LOAD src/lua/ldebug.o
LOAD src/lua/ldo.o
LOAD src/lua/ldump.o
LOAD src/lua/lfunc.o
LOAD src/lua/lgc.o
LOAD src/lua/llex.o
LOAD src/lua/lmem.o
LOAD src/lua/lobject.o
LOAD src/lua/lopcodes.o
LOAD src/lua/lparser.o
LOAD src/lua/lstate.o
LOAD src/lua/lstring.o
LOAD src/lua/ltable.o
LOAD src/lua/ltm.o
LOAD src/lua/lundump.o
LOAD src/lua/lvm.o
LOAD src/lua/lzio.o
LOAD src/lua/lauxlib.o
LOAD src/lua/lbaselib.o
LOAD src/lua/ldblib.o
LOAD src/lua/liolib.o
LOAD src/lua/lmathlib.o
LOAD src/lua/loslib.o
LOAD src/lua/ltablib.o
LOAD src/lua/lstrlib.o
LOAD src/lua/loadlib.o
LOAD src/lua/linit.o
LOAD src/lua/lua.o
LOAD src/lua/lrotable.o
LOAD src/lua/legc.o
LOAD src/modules/pio.o
LOAD src/modules/spi.o
LOAD src/modules/tmr.o
LOAD src/modules/pd.o
LOAD src/modules/uart.o
LOAD src/modules/term.o
LOAD src/modules/pwm.o
LOAD src/modules/lpack.o
LOAD src/modules/bit.o
LOAD src/modules/net.o
LOAD src/modules/cpu.o
LOAD src/modules/adc.o
LOAD src/modules/can.o
LOAD src/modules/luarpc.o
LOAD src/modules/bitarray.o
LOAD src/modules/elua.o
LOAD src/modules/i2c.o
LOAD src/remotefs/remotefs.o
LOAD src/remotefs/client.o
LOAD src/remotefs/elua_os_io.o
LOAD src/remotefs/elua_rfs.o
LOAD /usr/local/CodeSourcery/ARM_EABI/bin/../lib/gcc/arm-none-eabi/4.6.1/../../../../arm-none-eabi/lib/thumb2/libc.a
LOAD /usr/local/CodeSourcery/ARM_EABI/bin/../lib/gcc/arm-none-eabi/4.6.1/thumb2/libgcc.a
LOAD /usr/local/CodeSourcery/ARM_EABI/bin/../lib/gcc/arm-none-eabi/4.6.1/../../../../arm-none-eabi/lib/thumb2/libm.a

.text           0x08000000    0x327c0
                0x08000000                . = ALIGN (0x4)
                0x08000000                _text = .
                0x08000000                PROVIDE (stext, .)
 *(.isr_vector)
 .isr_vector    0x08000000      0x188 src/platform/stm32f4/startup_stm32f4xx.o
                0x08000000                g_pfnVectors
 *(.text .text.*)
 .text.startup.main
                0x08000188       0x90 src/main.o
                0x08000188                main
 .text.romfs_read
                0x08000218        0x4 src/romfs.o
 .text.romfs_write_r
                0x0800021c        0xa src/romfs.o
 *fill*         0x08000226        0x2 00
 .text.romfs_lseek_r
                0x08000228       0x38 src/romfs.o
 .text.romfs_readdir_r
                0x08000260       0x60 src/romfs.o
 .text.romfs_closedir_r
                0x080002c0        0x6 src/romfs.o
 *fill*         0x080002c6        0x2 00
 .text.romfs_opendir_r
                0x080002c8       0x38 src/romfs.o
 .text.romfs_read_r
                0x08000300       0x38 src/romfs.o
 .text.romfs_close_r
                0x08000338       0x24 src/romfs.o
 .text.romfs_open_file
                0x0800035c       0x5c src/romfs.o
                0x0800035c                romfs_open_file
 .text.romfs_open_r
                0x080003b8       0x68 src/romfs.o
 .text.romfs_init
                0x08000420        0x8 src/romfs.o
                0x08000420                romfs_init
 .text.semifs_init
                0x08000428        0x4 src/semifs.o
                0x08000428                semifs_init
 .text.xmodem_flush
                0x0800042c       0x38 src/xmodem.o
 .text.xmodem_init
                0x08000464       0x14 src/xmodem.o
                0x08000464                xmodem_init
 .text.xmodem_receive
                0x08000478      0x16c src/xmodem.o
                0x08000478                xmodem_receive
 .text.shell_ver
                0x080005e4       0x20 src/shell.o
 .text.shell_help
                0x08000604       0x60 src/shell.o
 .text.shell_cp
                0x08000664       0xf0 src/shell.o
 .text.shell_cat
                0x08000754       0x68 src/shell.o
 .text.shell_ls
                0x080007bc       0xa4 src/shell.o
 .text.shell_recv
                0x08000860      0x154 src/shell.o
 .text.shell_lua
                0x080009b4       0xac src/shell.o
 .text.shell_start
                0x08000a60      0x17c src/shell.o
                0x08000a60                shell_start
 .text.shell_init
                0x08000bdc       0x10 src/shell.o
                0x08000bdc                shell_init
 .text.term_get_lines
                0x08000bec        0xc src/term.o
                0x08000bec                term_get_lines
 .text.term_get_cols
                0x08000bf8        0xc src/term.o
                0x08000bf8                term_get_cols
 .text.term_putch
                0x08000c04       0x34 src/term.o
                0x08000c04                term_putch
 .text.term_putstr
                0x08000c38       0x20 src/term.o
                0x08000c38                term_putstr
 .text.term_ansi
                0x08000c58       0x40 src/term.o
 .text.term_left
                0x08000c98       0x20 src/term.o
                0x08000c98                term_left
 .text.term_right
                0x08000cb8       0x20 src/term.o
                0x08000cb8                term_right
 .text.term_down
                0x08000cd8       0x20 src/term.o
                0x08000cd8                term_down
 .text.term_up  0x08000cf8       0x20 src/term.o
                0x08000cf8                term_up
 .text.term_gotoxy
                0x08000d18       0x24 src/term.o
                0x08000d18                term_gotoxy
 .text.term_clreol
                0x08000d3c        0xc src/term.o
                0x08000d3c                term_clreol
 .text.term_clrscr
                0x08000d48       0x20 src/term.o
                0x08000d48                term_clrscr
 .text.term_get_cx
                0x08000d68        0xc src/term.o
                0x08000d68                term_get_cx
 .text.term_get_cy
                0x08000d74        0xc src/term.o
                0x08000d74                term_get_cy
 .text.term_getch
                0x08000d80       0x1c src/term.o
                0x08000d80                term_getch
 .text.term_init
                0x08000d9c       0x40 src/term.o
                0x08000d9c                term_init
 .text.term_translate
                0x08000ddc      0x140 src/common.o
 .text.term_in  0x08000f1c       0x20 src/common.o
 .text.xmodem_recv
                0x08000f3c        0xe src/common.o
 .text.uart_recv
                0x08000f4a        0xe src/common.o
 .text.term_out
                0x08000f58        0x8 src/common.o
 .text.xmodem_send
                0x08000f60        0x8 src/common.o
 .text.uart_send
                0x08000f68        0x6 src/common.o
 *fill*         0x08000f6e        0x2 00
 .text.cmn_platform_init
                0x08000f70       0x6c src/common.o
                0x08000f70                cmn_platform_init
 .text.platform_pio_has_port
                0x08000fdc        0xa src/common.o
                0x08000fdc                platform_pio_has_port
 .text.platform_pio_has_pin
                0x08000fe6       0x12 src/common.o
                0x08000fe6                platform_pio_has_pin
 .text.platform_spi_exists
                0x08000ff8        0xa src/common.o
                0x08000ff8                platform_spi_exists
 .text.platform_pwm_exists
                0x08001002        0xa src/common.o
                0x08001002                platform_pwm_exists
 .text.platform_cpu_get_frequency
                0x0800100c        0x4 src/common.o
                0x0800100c                platform_cpu_get_frequency
 .text.platform_adc_exists
                0x08001010        0xa src/common.o
                0x08001010                platform_adc_exists
 .text.platform_adc_get_maxval
                0x0800101a        0x6 src/common.o
                0x0800101a                platform_adc_get_maxval
 .text.platform_adc_set_blocking
                0x08001020       0x12 src/common.o
                0x08001020                platform_adc_set_blocking
 .text.platform_adc_is_done
                0x08001032       0x12 src/common.o
                0x08001032                platform_adc_is_done
 .text.platform_adc_set_timer
                0x08001044       0x2a src/common.o
                0x08001044                platform_adc_set_timer
 *fill*         0x0800106e        0x2 00
 .text.platform_get_first_free_ram
                0x08001070       0x34 src/common.o
                0x08001070                platform_get_first_free_ram
 .text.platform_get_last_free_ram
                0x080010a4       0x34 src/common.o
                0x080010a4                platform_get_last_free_ram
 .text.platform_cpu_set_interrupt
                0x080010d8       0x3c src/common.o
                0x080010d8                platform_cpu_set_interrupt
 .text.platform_cpu_get_interrupt
                0x08001114       0x3c src/common.o
                0x08001114                platform_cpu_get_interrupt
 .text.platform_cpu_get_interrupt_flag
                0x08001150       0x3c src/common.o
                0x08001150                platform_cpu_get_interrupt_flag
 .text.cmn_int_handler
                0x0800118c       0x1a src/common.o
                0x0800118c                cmn_int_handler
 .text.intlog2  0x080011a6        0xe src/common.o
                0x080011a6                intlog2
 .text.platform_adc_set_smoothing
                0x080011b4       0x16 src/common.o
                0x080011b4                platform_adc_set_smoothing
 *fill*         0x080011ca        0x2 00
 .text.vtmr_reset_timer
                0x080011cc       0x14 src/common_tmr.o
 .text.cmn_virtual_timer_cb
                0x080011e0       0xac src/common_tmr.o
                0x080011e0                cmn_virtual_timer_cb
 .text.platform_timer_sys_available
                0x0800128c        0x4 src/common_tmr.o
                0x0800128c                platform_timer_sys_available
 .text.platform_timer_exists
                0x08001290       0x28 src/common_tmr.o
                0x08001290                platform_timer_exists
 .text.platform_timer_delay
                0x080012b8       0xa4 src/common_tmr.o
                0x080012b8                platform_timer_delay
 .text.platform_timer_get_diff_us
                0x0800135c       0x84 src/common_tmr.o
                0x0800135c                platform_timer_get_diff_us
 .text.platform_timer_op
                0x080013e0       0xbc src/common_tmr.o
                0x080013e0                platform_timer_op
 .text.platform_timer_set_match_int
                0x0800149c       0xd4 src/common_tmr.o
                0x0800149c                platform_timer_set_match_int
 .text.cmn_tmr_int_set_status
                0x08001570       0x58 src/common_tmr.o
                0x08001570                cmn_tmr_int_set_status
 .text.cmn_tmr_int_get_status
                0x080015c8       0x44 src/common_tmr.o
                0x080015c8                cmn_tmr_int_get_status
 .text.cmn_tmr_int_get_flag
                0x0800160c       0x54 src/common_tmr.o
                0x0800160c                cmn_tmr_int_get_flag
 .text.cmn_systimer_set_base_freq
                0x08001660       0x14 src/common_tmr.o
                0x08001660                cmn_systimer_set_base_freq
 .text.cmn_systimer_set_interrupt_freq
                0x08001674       0x14 src/common_tmr.o
                0x08001674                cmn_systimer_set_interrupt_freq
 .text.cmn_systimer_periodic
                0x08001688       0x20 src/common_tmr.o
                0x08001688                cmn_systimer_periodic
 .text.cmn_systimer_get
                0x080016a8       0x78 src/common_tmr.o
                0x080016a8                cmn_systimer_get
 .text.buf_set  0x08001720       0x48 src/buf.o
                0x08001720                buf_set
 .text.buf_flush
                0x08001768       0x18 src/buf.o
                0x08001768                buf_flush
 .text.buf_write
                0x08001780       0xec src/buf.o
                0x08001780                buf_write
 .text.buf_is_enabled
                0x0800186c       0x18 src/buf.o
                0x0800186c                buf_is_enabled
 .text.buf_get_size
                0x08001884       0x24 src/buf.o
                0x08001884                buf_get_size
 .text.buf_get_count
                0x080018a8       0x14 src/buf.o
                0x080018a8                buf_get_count
 .text.buf_read
                0x080018bc       0xd0 src/buf.o
                0x080018bc                buf_read
 .text.adc_get_ch_state
                0x0800198c       0x10 src/elua_adc.o
                0x0800198c                adc_get_ch_state
 .text.adc_get_dev_state
                0x0800199c        0x8 src/elua_adc.o
                0x0800199c                adc_get_dev_state
 .text.adc_update_dev_sequence
                0x080019a4       0xd4 src/elua_adc.o
                0x080019a4                adc_update_dev_sequence
 .text.adc_setup_channel
                0x08001a78       0x72 src/elua_adc.o
                0x08001a78                adc_setup_channel
 .text.adc_init_ch_state
                0x08001aea       0x64 src/elua_adc.o
                0x08001aea                adc_init_ch_state
 .text.adc_smooth_data
                0x08001b4e       0x94 src/elua_adc.o
                0x08001b4e                adc_smooth_data
 .text.adc_flush_smoothing
                0x08001be2       0xc2 src/elua_adc.o
                0x08001be2                adc_flush_smoothing
 .text.adc_update_smoothing
                0x08001ca4       0x50 src/elua_adc.o
                0x08001ca4                adc_update_smoothing
 .text.adc_samples_available
                0x08001cf4       0x1e src/elua_adc.o
                0x08001cf4                adc_samples_available
 .text.adc_get_processed_sample
                0x08001d12       0x8a src/elua_adc.o
                0x08001d12                adc_get_processed_sample
 .text.adc_wait_samples
                0x08001d9c       0x3a src/elua_adc.o
                0x08001d9c                adc_wait_samples
 *fill*         0x08001dd6        0x2 00
 .text.init_mparams
                0x08001dd8       0x34 src/dlmalloc.o
 .text.segment_holding.constprop.2
                0x08001e0c       0x20 src/dlmalloc.o
 .text.init_top.constprop.5
                0x08001e2c       0x38 src/dlmalloc.o
 .text.dlmalloc
                0x08001e64      0xdd0 src/dlmalloc.o
                0x08001e64                dlmalloc
 .text.dlfree   0x08002c34      0x41c src/dlmalloc.o
                0x08002c34                dlfree
 .text.dlcalloc
                0x08003050       0x38 src/dlmalloc.o
                0x08003050                dlcalloc
 .text.dlrealloc
                0x08003088      0x100 src/dlmalloc.o
                0x08003088                dlrealloc
 .text.elua_int_enable
                0x08003188       0x24 src/elua_int.o
                0x08003188                elua_int_enable
 .text.elua_int_disable
                0x080031ac       0x24 src/elua_int.o
                0x080031ac                elua_int_disable
 .text.elua_int_is_enabled
                0x080031d0       0x28 src/elua_int.o
                0x080031d0                elua_int_is_enabled
 .text.elua_int_add
                0x080031f8       0x74 src/elua_int.o
                0x080031f8                elua_int_add
 .text.elua_int_hook
                0x0800326c       0xb8 src/elua_int.o
 .text.elua_int_disable_all
                0x08003324       0x14 src/elua_int.o
                0x08003324                elua_int_disable_all
 .text.elua_int_cleanup
                0x08003338       0x28 src/elua_int.o
                0x08003338                elua_int_cleanup
 .text.elua_int_set_c_handler
                0x08003360       0x1c src/elua_int.o
                0x08003360                elua_int_set_c_handler
 .text.elua_int_get_c_handler
                0x0800337c       0x18 src/elua_int.o
                0x0800337c                elua_int_get_c_handler
 .text.linenoise_internal_addhistory
                0x08003394      0x104 src/linenoise.o
 .text.refreshLine.constprop.0
                0x08003498       0x98 src/linenoise.o
 .text.linenoise_cleanup
                0x08003530       0x48 src/linenoise.o
                0x08003530                linenoise_cleanup
 .text.linenoise_getline
                0x08003578      0x2cc src/linenoise.o
                0x08003578                linenoise_getline
 .text.linenoise_addhistory
                0x08003844        0x6 src/linenoise.o
                0x08003844                linenoise_addhistory
 *fill*         0x0800384a        0x2 00
 .text.linenoise_savehistory
                0x0800384c       0x84 src/linenoise.o
                0x0800384c                linenoise_savehistory
 .text.cmn_uart_rx_inthandler
                0x080038d0       0x44 src/common_uart.o
 .text.cmn_recv_helper
                0x08003914       0x56 src/common_uart.o
 .text.platform_uart_exists
                0x0800396a        0xa src/common_uart.o
                0x0800396a                platform_uart_exists
 .text.platform_uart_recv
                0x08003974       0x7c src/common_uart.o
                0x08003974                platform_uart_recv
 .text.platform_uart_send
                0x080039f0        0xa src/common_uart.o
                0x080039f0                platform_uart_send
 *fill*         0x080039fa        0x2 00
 .text.platform_uart_set_buffer
                0x080039fc       0xa0 src/common_uart.o
                0x080039fc                platform_uart_set_buffer
 .text.platform_uart_set_flow_control
                0x08003a9c        0xc src/common_uart.o
                0x08003a9c                platform_uart_set_flow_control
 .text.mmcfs_init
                0x08003aa8        0x4 src/mmcfs.o
                0x08003aa8                mmcfs_init
 .text.NVIC_PriorityGroupConfig
                0x08003aac       0x14 src/platform/stm32f4/FWLib/library/src/misc.o
                0x08003aac                NVIC_PriorityGroupConfig
 .text.NVIC_Init
                0x08003ac0       0x70 src/platform/stm32f4/FWLib/library/src/misc.o
                0x08003ac0                NVIC_Init
 .text.NVIC_SetVectorTable
                0x08003b30       0x18 src/platform/stm32f4/FWLib/library/src/misc.o
                0x08003b30                NVIC_SetVectorTable
 .text.ADC_DeInit
                0x08003b48       0x1a src/platform/stm32f4/FWLib/library/src/stm32f4xx_adc.o
                0x08003b48                ADC_DeInit
 *fill*         0x08003b62        0x2 00
 .text.ADC_Init
                0x08003b64       0x54 src/platform/stm32f4/FWLib/library/src/stm32f4xx_adc.o
                0x08003b64                ADC_Init
 .text.ADC_StructInit
                0x08003bb8       0x14 src/platform/stm32f4/FWLib/library/src/stm32f4xx_adc.o
                0x08003bb8                ADC_StructInit
 .text.ADC_CommonInit
                0x08003bcc       0x30 src/platform/stm32f4/FWLib/library/src/stm32f4xx_adc.o
                0x08003bcc                ADC_CommonInit
 .text.ADC_Cmd  0x08003bfc       0x12 src/platform/stm32f4/FWLib/library/src/stm32f4xx_adc.o
                0x08003bfc                ADC_Cmd
 .text.ADC_RegularChannelConfig
                0x08003c0e       0x92 src/platform/stm32f4/FWLib/library/src/stm32f4xx_adc.o
                0x08003c0e                ADC_RegularChannelConfig
 .text.ADC_DMACmd
                0x08003ca0       0x12 src/platform/stm32f4/FWLib/library/src/stm32f4xx_adc.o
                0x08003ca0                ADC_DMACmd
 .text.ADC_DMARequestAfterLastTransferCmd
                0x08003cb2       0x12 src/platform/stm32f4/FWLib/library/src/stm32f4xx_adc.o
                0x08003cb2                ADC_DMARequestAfterLastTransferCmd
 .text.DMA_DeInit
                0x08003cc4      0x118 src/platform/stm32f4/FWLib/library/src/stm32f4xx_dma.o
                0x08003cc4                DMA_DeInit
 .text.DMA_Init
                0x08003ddc       0x60 src/platform/stm32f4/FWLib/library/src/stm32f4xx_dma.o
                0x08003ddc                DMA_Init
 .text.DMA_StructInit
                0x08003e3c       0x22 src/platform/stm32f4/FWLib/library/src/stm32f4xx_dma.o
                0x08003e3c                DMA_StructInit
 .text.DMA_Cmd  0x08003e5e       0x12 src/platform/stm32f4/FWLib/library/src/stm32f4xx_dma.o
                0x08003e5e                DMA_Cmd
 .text.DMA_ClearFlag
                0x08003e70       0x30 src/platform/stm32f4/FWLib/library/src/stm32f4xx_dma.o
                0x08003e70                DMA_ClearFlag
 .text.DMA_ITConfig
                0x08003ea0       0x2e src/platform/stm32f4/FWLib/library/src/stm32f4xx_dma.o
                0x08003ea0                DMA_ITConfig
 *fill*         0x08003ece        0x2 00
 .text.DMA_ClearITPendingBit
                0x08003ed0       0x30 src/platform/stm32f4/FWLib/library/src/stm32f4xx_dma.o
                0x08003ed0                DMA_ClearITPendingBit
 .text.EXTI_Init
                0x08003f00       0x80 src/platform/stm32f4/FWLib/library/src/stm32f4xx_exti.o
                0x08003f00                EXTI_Init
 .text.EXTI_StructInit
                0x08003f80        0xe src/platform/stm32f4/FWLib/library/src/stm32f4xx_exti.o
                0x08003f80                EXTI_StructInit
 *fill*         0x08003f8e        0x2 00
 .text.EXTI_GetFlagStatus
                0x08003f90       0x14 src/platform/stm32f4/FWLib/library/src/stm32f4xx_exti.o
                0x08003f90                EXTI_GetFlagStatus
 .text.EXTI_ClearFlag
                0x08003fa4        0xc src/platform/stm32f4/FWLib/library/src/stm32f4xx_exti.o
                0x08003fa4                EXTI_ClearFlag
 .text.EXTI_GetITStatus
                0x08003fb0       0x1c src/platform/stm32f4/FWLib/library/src/stm32f4xx_exti.o
                0x08003fb0                EXTI_GetITStatus
 .text.EXTI_ClearITPendingBit
                0x08003fcc        0xc src/platform/stm32f4/FWLib/library/src/stm32f4xx_exti.o
                0x08003fcc                EXTI_ClearITPendingBit
 .text.GPIO_Init
                0x08003fd8       0x7a src/platform/stm32f4/FWLib/library/src/stm32f4xx_gpio.o
                0x08003fd8                GPIO_Init
 .text.GPIO_StructInit
                0x08004052       0x12 src/platform/stm32f4/FWLib/library/src/stm32f4xx_gpio.o
                0x08004052                GPIO_StructInit
 .text.GPIO_ReadInputDataBit
                0x08004064        0xc src/platform/stm32f4/FWLib/library/src/stm32f4xx_gpio.o
                0x08004064                GPIO_ReadInputDataBit
 .text.GPIO_ReadInputData
                0x08004070        0x6 src/platform/stm32f4/FWLib/library/src/stm32f4xx_gpio.o
                0x08004070                GPIO_ReadInputData
 .text.GPIO_ReadOutputData
                0x08004076        0x6 src/platform/stm32f4/FWLib/library/src/stm32f4xx_gpio.o
                0x08004076                GPIO_ReadOutputData
 .text.GPIO_SetBits
                0x0800407c        0x4 src/platform/stm32f4/FWLib/library/src/stm32f4xx_gpio.o
                0x0800407c                GPIO_SetBits
 .text.GPIO_ResetBits
                0x08004080        0x4 src/platform/stm32f4/FWLib/library/src/stm32f4xx_gpio.o
                0x08004080                GPIO_ResetBits
 .text.GPIO_Write
                0x08004084        0x4 src/platform/stm32f4/FWLib/library/src/stm32f4xx_gpio.o
                0x08004084                GPIO_Write
 .text.GPIO_PinAFConfig
                0x08004088       0x2c src/platform/stm32f4/FWLib/library/src/stm32f4xx_gpio.o
                0x08004088                GPIO_PinAFConfig
 .text.RCC_GetClocksFreq
                0x080040b4       0xa8 src/platform/stm32f4/FWLib/library/src/stm32f4xx_rcc.o
                0x080040b4                RCC_GetClocksFreq
 .text.RCC_AHB1PeriphClockCmd
                0x0800415c       0x18 src/platform/stm32f4/FWLib/library/src/stm32f4xx_rcc.o
                0x0800415c                RCC_AHB1PeriphClockCmd
 .text.RCC_APB1PeriphClockCmd
                0x08004174       0x18 src/platform/stm32f4/FWLib/library/src/stm32f4xx_rcc.o
                0x08004174                RCC_APB1PeriphClockCmd
 .text.RCC_APB2PeriphClockCmd
                0x0800418c       0x18 src/platform/stm32f4/FWLib/library/src/stm32f4xx_rcc.o
                0x0800418c                RCC_APB2PeriphClockCmd
 .text.RCC_APB1PeriphResetCmd
                0x080041a4       0x18 src/platform/stm32f4/FWLib/library/src/stm32f4xx_rcc.o
                0x080041a4                RCC_APB1PeriphResetCmd
 .text.RCC_APB2PeriphResetCmd
                0x080041bc       0x18 src/platform/stm32f4/FWLib/library/src/stm32f4xx_rcc.o
                0x080041bc                RCC_APB2PeriphResetCmd
 .text.SPI_I2S_DeInit
                0x080041d4       0x64 src/platform/stm32f4/FWLib/library/src/stm32f4xx_spi.o
                0x080041d4                SPI_I2S_DeInit
 .text.SPI_Init
                0x08004238       0x50 src/platform/stm32f4/FWLib/library/src/stm32f4xx_spi.o
                0x08004238                SPI_Init
 .text.SPI_Cmd  0x08004288       0x18 src/platform/stm32f4/FWLib/library/src/stm32f4xx_spi.o
                0x08004288                SPI_Cmd
 .text.SPI_I2S_ReceiveData
                0x080042a0        0x6 src/platform/stm32f4/FWLib/library/src/stm32f4xx_spi.o
                0x080042a0                SPI_I2S_ReceiveData
 .text.SPI_I2S_SendData
                0x080042a6        0x4 src/platform/stm32f4/FWLib/library/src/stm32f4xx_spi.o
                0x080042a6                SPI_I2S_SendData
 .text.SPI_I2S_GetFlagStatus
                0x080042aa        0xc src/platform/stm32f4/FWLib/library/src/stm32f4xx_spi.o
                0x080042aa                SPI_I2S_GetFlagStatus
 *fill*         0x080042b6        0x2 00
 .text.TIM_TimeBaseInit
                0x080042b8       0x8c src/platform/stm32f4/FWLib/library/src/stm32f4xx_tim.o
                0x080042b8                TIM_TimeBaseInit
 .text.TIM_SetCounter
                0x08004344        0x4 src/platform/stm32f4/FWLib/library/src/stm32f4xx_tim.o
                0x08004344                TIM_SetCounter
 .text.TIM_SetAutoreload
                0x08004348        0x4 src/platform/stm32f4/FWLib/library/src/stm32f4xx_tim.o
                0x08004348                TIM_SetAutoreload
 .text.TIM_GetCounter
                0x0800434c        0x4 src/platform/stm32f4/FWLib/library/src/stm32f4xx_tim.o
                0x0800434c                TIM_GetCounter
 .text.TIM_GetPrescaler
                0x08004350        0x6 src/platform/stm32f4/FWLib/library/src/stm32f4xx_tim.o
                0x08004350                TIM_GetPrescaler
 .text.TIM_ARRPreloadConfig
                0x08004356       0x18 src/platform/stm32f4/FWLib/library/src/stm32f4xx_tim.o
                0x08004356                TIM_ARRPreloadConfig
 .text.TIM_Cmd  0x0800436e       0x18 src/platform/stm32f4/FWLib/library/src/stm32f4xx_tim.o
                0x0800436e                TIM_Cmd
 *fill*         0x08004386        0x2 00
 .text.TIM_OC1Init
                0x08004388       0x8c src/platform/stm32f4/FWLib/library/src/stm32f4xx_tim.o
                0x08004388                TIM_OC1Init
 .text.TIM_OC2Init
                0x08004414       0x8c src/platform/stm32f4/FWLib/library/src/stm32f4xx_tim.o
                0x08004414                TIM_OC2Init
 .text.TIM_OC3Init
                0x080044a0       0x8c src/platform/stm32f4/FWLib/library/src/stm32f4xx_tim.o
                0x080044a0                TIM_OC3Init
 .text.TIM_OC4Init
                0x0800452c       0x68 src/platform/stm32f4/FWLib/library/src/stm32f4xx_tim.o
                0x0800452c                TIM_OC4Init
 .text.TIM_OCStructInit
                0x08004594       0x14 src/platform/stm32f4/FWLib/library/src/stm32f4xx_tim.o
                0x08004594                TIM_OCStructInit
 .text.TIM_OC1PreloadConfig
                0x080045a8       0x14 src/platform/stm32f4/FWLib/library/src/stm32f4xx_tim.o
                0x080045a8                TIM_OC1PreloadConfig
 .text.TIM_OC2PreloadConfig
                0x080045bc       0x14 src/platform/stm32f4/FWLib/library/src/stm32f4xx_tim.o
                0x080045bc                TIM_OC2PreloadConfig
 .text.TIM_OC3PreloadConfig
                0x080045d0       0x14 src/platform/stm32f4/FWLib/library/src/stm32f4xx_tim.o
                0x080045d0                TIM_OC3PreloadConfig
 .text.TIM_OC4PreloadConfig
                0x080045e4       0x14 src/platform/stm32f4/FWLib/library/src/stm32f4xx_tim.o
                0x080045e4                TIM_OC4PreloadConfig
 .text.TIM_CtrlPWMOutputs
                0x080045f8       0x1a src/platform/stm32f4/FWLib/library/src/stm32f4xx_tim.o
                0x080045f8                TIM_CtrlPWMOutputs
 .text.TIM_ITConfig
                0x08004612       0x12 src/platform/stm32f4/FWLib/library/src/stm32f4xx_tim.o
                0x08004612                TIM_ITConfig
 .text.TIM_GetFlagStatus
                0x08004624        0xc src/platform/stm32f4/FWLib/library/src/stm32f4xx_tim.o
                0x08004624                TIM_GetFlagStatus
 .text.TIM_ClearFlag
                0x08004630        0x6 src/platform/stm32f4/FWLib/library/src/stm32f4xx_tim.o
                0x08004630                TIM_ClearFlag
 .text.TIM_GetITStatus
                0x08004636       0x16 src/platform/stm32f4/FWLib/library/src/stm32f4xx_tim.o
                0x08004636                TIM_GetITStatus
 .text.TIM_ClearITPendingBit
                0x0800464c        0x6 src/platform/stm32f4/FWLib/library/src/stm32f4xx_tim.o
                0x0800464c                TIM_ClearITPendingBit
 .text.TIM_SelectOutputTrigger
                0x08004652       0x1c src/platform/stm32f4/FWLib/library/src/stm32f4xx_tim.o
                0x08004652                TIM_SelectOutputTrigger
 *fill*         0x0800466e        0x2 00
 .text.USART_DeInit
                0x08004670       0xa8 src/platform/stm32f4/FWLib/library/src/stm32f4xx_usart.o
                0x08004670                USART_DeInit
 .text.USART_Init
                0x08004718       0xd8 src/platform/stm32f4/FWLib/library/src/stm32f4xx_usart.o
                0x08004718                USART_Init
 .text.USART_Cmd
                0x080047f0       0x18 src/platform/stm32f4/FWLib/library/src/stm32f4xx_usart.o
                0x080047f0                USART_Cmd
 .text.USART_SendData
                0x08004808        0x8 src/platform/stm32f4/FWLib/library/src/stm32f4xx_usart.o
                0x08004808                USART_SendData
 .text.USART_ReceiveData
                0x08004810        0x8 src/platform/stm32f4/FWLib/library/src/stm32f4xx_usart.o
                0x08004810                USART_ReceiveData
 .text.USART_ITConfig
                0x08004818       0x32 src/platform/stm32f4/FWLib/library/src/stm32f4xx_usart.o
                0x08004818                USART_ITConfig
 .text.USART_GetFlagStatus
                0x0800484a        0xc src/platform/stm32f4/FWLib/library/src/stm32f4xx_usart.o
                0x0800484a                USART_GetFlagStatus
 .text.USART_ClearFlag
                0x08004856        0x6 src/platform/stm32f4/FWLib/library/src/stm32f4xx_usart.o
                0x08004856                USART_ClearFlag
 .text.USART_GetITStatus
                0x0800485c       0x3e src/platform/stm32f4/FWLib/library/src/stm32f4xx_usart.o
                0x0800485c                USART_GetITStatus
 *fill*         0x0800489a        0x2 00
 .text.SystemInit
                0x0800489c       0xec src/platform/stm32f4/system_stm32f4xx.o
                0x0800489c                SystemInit
 .text.Reset_Handler
                0x08004988       0x4c src/platform/stm32f4/startup_stm32f4xx.o
                0x08004988                Reset_Handler
 .text.Default_Handler
                0x080049d4        0x4 src/platform/stm32f4/startup_stm32f4xx.o
                0x080049d4                RTC_Alarm_IRQHandler
                0x080049d4                HASH_RNG_IRQHandler
                0x080049d4                DMA2_Stream5_IRQHandler
                0x080049d4                DMA1_Stream5_IRQHandler
                0x080049d4                PVD_IRQHandler
                0x080049d4                SDIO_IRQHandler
                0x080049d4                TAMP_STAMP_IRQHandler
                0x080049d4                CAN2_RX1_IRQHandler
                0x080049d4                TIM8_TRG_COM_TIM14_IRQHandler
                0x080049d4                TIM1_UP_TIM10_IRQHandler
                0x080049d4                TIM8_UP_TIM13_IRQHandler
                0x080049d4                I2C3_ER_IRQHandler
                0x080049d4                I2C2_EV_IRQHandler
                0x080049d4                DMA1_Stream2_IRQHandler
                0x080049d4                CAN1_RX0_IRQHandler
                0x080049d4                FPU_IRQHandler
                0x080049d4                OTG_HS_WKUP_IRQHandler
                0x080049d4                CAN2_SCE_IRQHandler
                0x080049d4                DMA2_Stream2_IRQHandler
                0x080049d4                SPI1_IRQHandler
                0x080049d4                TIM6_DAC_IRQHandler
                0x080049d4                TIM1_BRK_TIM9_IRQHandler
                0x080049d4                DCMI_IRQHandler
                0x080049d4                CAN2_RX0_IRQHandler
                0x080049d4                DMA2_Stream3_IRQHandler
                0x080049d4                USART6_IRQHandler
                0x080049d4                CRYP_IRQHandler
                0x080049d4                CAN1_RX1_IRQHandler
                0x080049d4                I2C1_EV_IRQHandler
                0x080049d4                DMA1_Stream6_IRQHandler
                0x080049d4                DMA1_Stream1_IRQHandler
                0x080049d4                RCC_IRQHandler
                0x080049d4                TIM8_BRK_TIM12_IRQHandler
                0x080049d4                Default_Handler
                0x080049d4                ADC_IRQHandler
                0x080049d4                DMA1_Stream7_IRQHandler
                0x080049d4                TIM7_IRQHandler
                0x080049d4                CAN2_TX_IRQHandler
                0x080049d4                DMA2_Stream7_IRQHandler
                0x080049d4                I2C3_EV_IRQHandler
                0x080049d4                RTC_WKUP_IRQHandler
                0x080049d4                ETH_WKUP_IRQHandler
                0x080049d4                SPI2_IRQHandler
                0x080049d4                OTG_HS_EP1_IN_IRQHandler
                0x080049d4                DMA1_Stream0_IRQHandler
                0x080049d4                CAN1_TX_IRQHandler
                0x080049d4                FSMC_IRQHandler
                0x080049d4                ETH_IRQHandler
                0x080049d4                OTG_HS_EP1_OUT_IRQHandler
                0x080049d4                WWDG_IRQHandler
                0x080049d4                OTG_FS_WKUP_IRQHandler
                0x080049d4                TIM1_TRG_COM_TIM11_IRQHandler
                0x080049d4                OTG_HS_IRQHandler
                0x080049d4                I2C2_ER_IRQHandler
                0x080049d4                DMA2_Stream1_IRQHandler
                0x080049d4                CAN1_SCE_IRQHandler
                0x080049d4                FLASH_IRQHandler
                0x080049d4                DMA2_Stream4_IRQHandler
                0x080049d4                OTG_FS_IRQHandler
                0x080049d4                SPI3_IRQHandler
                0x080049d4                DMA1_Stream4_IRQHandler
                0x080049d4                I2C1_ER_IRQHandler
                0x080049d4                DMA2_Stream6_IRQHandler
                0x080049d4                DMA1_Stream3_IRQHandler
 .text.NMI_Handler
                0x080049d8        0x2 src/platform/stm32f4/stm32f4xx_it.o
                0x080049d8                NMI_Handler
 .text.fputc    0x080049da       0x10 src/platform/stm32f4/stm32f4xx_it.o
                0x080049da                fputc
 *fill*         0x080049ea        0x2 00
 .text.hard_fault_handler_c
                0x080049ec       0xe4 src/platform/stm32f4/stm32f4xx_it.o
                0x080049ec                hard_fault_handler_c
 .text.HardFault_Handler
                0x08004ad0       0x14 src/platform/stm32f4/stm32f4xx_it.o
                0x08004ad0                HardFault_Handler
 .text.MemManage_Handler
                0x08004ae4       0x24 src/platform/stm32f4/stm32f4xx_it.o
                0x08004ae4                MemManage_Handler
 .text.BusFault_Handler
                0x08004b08       0x24 src/platform/stm32f4/stm32f4xx_it.o
                0x08004b08                BusFault_Handler
 .text.UsageFault_Handler
                0x08004b2c       0x24 src/platform/stm32f4/stm32f4xx_it.o
                0x08004b2c                UsageFault_Handler
 .text.SVC_Handler
                0x08004b50        0x2 src/platform/stm32f4/stm32f4xx_it.o
                0x08004b50                SVC_Handler
 .text.DebugMon_Handler
                0x08004b52        0x2 src/platform/stm32f4/stm32f4xx_it.o
                0x08004b52                DebugMon_Handler
 .text.PendSV_Handler
                0x08004b54        0x2 src/platform/stm32f4/stm32f4xx_it.o
                0x08004b54                PendSV_Handler
 *fill*         0x08004b56        0x2 00
 .text.platform_timer_get_clock
                0x08004b58       0x40 src/platform/stm32f4/platform.o
 .text.platform_timer_set_clock
                0x08004b98       0x74 src/platform/stm32f4/platform.o
 .text.platform_pio_op
                0x08004c0c       0xb8 src/platform/stm32f4/platform.o
                0x08004c0c                platform_pio_op
 .text.platform_spi_setup
                0x08004cc4      0x130 src/platform/stm32f4/platform.o
                0x08004cc4                platform_spi_setup
 .text.platform_spi_send_recv
                0x08004df4       0x28 src/platform/stm32f4/platform.o
                0x08004df4                platform_spi_send_recv
 .text.platform_spi_select
                0x08004e1c        0x2 src/platform/stm32f4/platform.o
                0x08004e1c                platform_spi_select
 *fill*         0x08004e1e        0x2 00
 .text.platform_uart_setup
                0x08004e20      0x108 src/platform/stm32f4/platform.o
                0x08004e20                platform_uart_setup
 .text.platform_s_uart_send
                0x08004f28       0x28 src/platform/stm32f4/platform.o
                0x08004f28                platform_s_uart_send
 .text.platform_s_uart_recv
                0x08004f50       0x40 src/platform/stm32f4/platform.o
                0x08004f50                platform_s_uart_recv
 .text.platform_s_uart_set_flow_control
                0x08004f90       0xb0 src/platform/stm32f4/platform.o
                0x08004f90                platform_s_uart_set_flow_control
 .text.SysTick_Handler
                0x08005040        0xe src/platform/stm32f4/platform.o
                0x08005040                SysTick_Handler
 *fill*         0x0800504e        0x2 00
 .text.platform_s_timer_delay
                0x08005050       0x60 src/platform/stm32f4/platform.o
                0x08005050                platform_s_timer_delay
 .text.platform_s_timer_op
                0x080050b0       0x58 src/platform/stm32f4/platform.o
                0x080050b0                platform_s_timer_op
 .text.platform_s_timer_set_match_int
                0x08005108      0x140 src/platform/stm32f4/platform.o
                0x08005108                platform_s_timer_set_match_int
 .text.platform_timer_sys_raw_read
                0x08005248       0x10 src/platform/stm32f4/platform.o
                0x08005248                platform_timer_sys_raw_read
 .text.platform_timer_sys_disable_int
                0x08005258       0x10 src/platform/stm32f4/platform.o
                0x08005258                platform_timer_sys_disable_int
 .text.platform_timer_sys_enable_int
                0x08005268       0x10 src/platform/stm32f4/platform.o
                0x08005268                platform_timer_sys_enable_int
 .text.platform_timer_read_sys
                0x08005278        0x4 src/platform/stm32f4/platform.o
                0x08005278                platform_timer_read_sys
 .text.platform_pwm_get_clock
                0x0800527c       0x24 src/platform/stm32f4/platform.o
                0x0800527c                platform_pwm_get_clock
 .text.platform_pwm_set_clock
                0x080052a0       0x44 src/platform/stm32f4/platform.o
                0x080052a0                platform_pwm_set_clock
 .text.platform_pwm_setup
                0x080052e4      0x11c src/platform/stm32f4/platform.o
                0x080052e4                platform_pwm_setup
 .text.platform_pwm_start
                0x08005400       0x1c src/platform/stm32f4/platform.o
                0x08005400                platform_pwm_start
 .text.platform_pwm_stop
                0x0800541c       0x20 src/platform/stm32f4/platform.o
                0x0800541c                platform_pwm_stop
 .text.platform_s_cpu_get_frequency
                0x0800543c        0x8 src/platform/stm32f4/platform.o
                0x0800543c                platform_s_cpu_get_frequency
 .text.ADC_ExternalTrigConvCmd
                0x08005444        0xe src/platform/stm32f4/platform.o
                0x08005444                ADC_ExternalTrigConvCmd
 .text.ADC_SoftwareStartConvCmd
                0x08005452       0x12 src/platform/stm32f4/platform.o
                0x08005452                ADC_SoftwareStartConvCmd
 .text.platform_adc_check_timer_id
                0x08005464        0xc src/platform/stm32f4/platform.o
                0x08005464                platform_adc_check_timer_id
 .text.platform_adc_stop
                0x08005470       0x58 src/platform/stm32f4/platform.o
                0x08005470                platform_adc_stop
 .text.platform_adc_update_sequence
                0x080054c8      0x154 src/platform/stm32f4/platform.o
                0x080054c8                platform_adc_update_sequence
 .text.DMA2_Stream0_IRQHandler
                0x0800561c       0xdc src/platform/stm32f4/platform.o
                0x0800561c                DMA2_Stream0_IRQHandler
 .text.platform_adc_set_clock
                0x080056f8      0x104 src/platform/stm32f4/platform.o
                0x080056f8                platform_adc_set_clock
 .text.platform_init
                0x080057fc      0x30c src/platform/stm32f4/platform.o
                0x080057fc                platform_init
 .text.platform_adc_start_sequence
                0x08005b08       0x70 src/platform/stm32f4/platform.o
                0x08005b08                platform_adc_start_sequence
 .text.exint_gpio_to_src
                0x08005b78        0x6 src/platform/stm32f4/platform_int.o
 *fill*         0x08005b7e        0x2 00
 .text.int_tmr_match_get_status
                0x08005b80       0x14 src/platform/stm32f4/platform_int.o
 .text.int_uart_rx_get_flag
                0x08005b94       0x30 src/platform/stm32f4/platform_int.o
 .text.int_uart_rx_get_status
                0x08005bc4       0x20 src/platform/stm32f4/platform_int.o
 .text.int_uart_rx_set_status
                0x08005be4       0x2c src/platform/stm32f4/platform_int.o
 .text.int_tmr_match_get_flag
                0x08005c10       0x28 src/platform/stm32f4/platform_int.o
 .text.int_tmr_match_set_status
                0x08005c38       0x2c src/platform/stm32f4/platform_int.o
 .text.gpioh_get_int_flag
                0x08005c64       0x54 src/platform/stm32f4/platform_int.o
 .text.int_gpio_negedge_get_flag
                0x08005cb8        0xc src/platform/stm32f4/platform_int.o
 .text.int_gpio_posedge_get_flag
                0x08005cc4        0xc src/platform/stm32f4/platform_int.o
 .text.tmr_int_handler
                0x08005cd0       0x50 src/platform/stm32f4/platform_int.o
 .text.all_usart_irqhandler
                0x08005d20       0x34 src/platform/stm32f4/platform_int.o
 .text.all_exti_irqhandler
                0x08005d54       0x58 src/platform/stm32f4/platform_int.o
 .text.gpioh_get_int_status.isra.1
                0x08005dac       0x20 src/platform/stm32f4/platform_int.o
 .text.int_gpio_posedge_get_status
                0x08005dcc        0x4 src/platform/stm32f4/platform_int.o
 .text.int_gpio_negedge_get_status
                0x08005dd0        0x4 src/platform/stm32f4/platform_int.o
 .text.gpioh_set_int_status
                0x08005dd4       0xb8 src/platform/stm32f4/platform_int.o
 .text.int_gpio_negedge_set_status
                0x08005e8c        0xc src/platform/stm32f4/platform_int.o
 .text.int_gpio_posedge_set_status
                0x08005e98        0xc src/platform/stm32f4/platform_int.o
 .text.USART1_IRQHandler
                0x08005ea4        0x6 src/platform/stm32f4/platform_int.o
                0x08005ea4                USART1_IRQHandler
 .text.USART2_IRQHandler
                0x08005eaa        0x6 src/platform/stm32f4/platform_int.o
                0x08005eaa                USART2_IRQHandler
 .text.USART3_IRQHandler
                0x08005eb0        0x6 src/platform/stm32f4/platform_int.o
                0x08005eb0                USART3_IRQHandler
 .text.UART4_IRQHandler
                0x08005eb6        0x6 src/platform/stm32f4/platform_int.o
                0x08005eb6                UART4_IRQHandler
 .text.UART5_IRQHandler
                0x08005ebc        0x6 src/platform/stm32f4/platform_int.o
                0x08005ebc                UART5_IRQHandler
 .text.EXTI0_IRQHandler
                0x08005ec2        0x6 src/platform/stm32f4/platform_int.o
                0x08005ec2                EXTI0_IRQHandler
 .text.EXTI1_IRQHandler
                0x08005ec8        0x6 src/platform/stm32f4/platform_int.o
                0x08005ec8                EXTI1_IRQHandler
 .text.EXTI2_IRQHandler
                0x08005ece        0x6 src/platform/stm32f4/platform_int.o
                0x08005ece                EXTI2_IRQHandler
 .text.EXTI3_IRQHandler
                0x08005ed4        0x6 src/platform/stm32f4/platform_int.o
                0x08005ed4                EXTI3_IRQHandler
 .text.EXTI4_IRQHandler
                0x08005eda        0x6 src/platform/stm32f4/platform_int.o
                0x08005eda                EXTI4_IRQHandler
 .text.EXTI9_5_IRQHandler
                0x08005ee0       0x24 src/platform/stm32f4/platform_int.o
                0x08005ee0                EXTI9_5_IRQHandler
 .text.EXTI15_10_IRQHandler
                0x08005f04       0x24 src/platform/stm32f4/platform_int.o
                0x08005f04                EXTI15_10_IRQHandler
 .text.TIM1_CC_IRQHandler
                0x08005f28        0x6 src/platform/stm32f4/platform_int.o
                0x08005f28                TIM1_CC_IRQHandler
 .text.TIM2_IRQHandler
                0x08005f2e        0x6 src/platform/stm32f4/platform_int.o
                0x08005f2e                TIM2_IRQHandler
 .text.TIM3_IRQHandler
                0x08005f34        0x6 src/platform/stm32f4/platform_int.o
                0x08005f34                TIM3_IRQHandler
 .text.TIM4_IRQHandler
                0x08005f3a        0x6 src/platform/stm32f4/platform_int.o
                0x08005f3a                TIM4_IRQHandler
 .text.TIM5_IRQHandler
                0x08005f40        0x6 src/platform/stm32f4/platform_int.o
                0x08005f40                TIM5_IRQHandler
 .text.TIM8_CC_IRQHandler
                0x08005f46        0x6 src/platform/stm32f4/platform_int.o
                0x08005f46                TIM8_CC_IRQHandler
 .text.platform_int_init
                0x08005f4c       0x68 src/platform/stm32f4/platform_int.o
                0x08005f4c                platform_int_init
 .text          0x08005fb4       0x10 src/platform/cortex_utils.o
                0x08005fb4                arm_enable_ints
                0x08005fb8                arm_disable_ints
                0x08005fbc                arm_get_int_status
 .text.platform_cpu_set_global_interrupts
                0x08005fc4       0x26 src/platform/arm_cortex_interrupts.o
                0x08005fc4                platform_cpu_set_global_interrupts
 .text.platform_cpu_get_global_interrupts
                0x08005fea       0x14 src/platform/arm_cortex_interrupts.o
                0x08005fea                platform_cpu_get_global_interrupts
 *fill*         0x08005ffe        0x2 00
 .text.dm_register
                0x08006000       0x60 src/newlib/devman.o
                0x08006000                dm_register
 .text.dm_get_device_at
                0x08006060       0x24 src/newlib/devman.o
                0x08006060                dm_get_device_at
 .text.dm_get_num_devices
                0x08006084        0xc src/newlib/devman.o
                0x08006084                dm_get_num_devices
 .text.dm_init  0x08006090       0x20 src/newlib/devman.o
                0x08006090                dm_init
 .text.dm_opendir
                0x080060b0       0xa4 src/newlib/devman.o
                0x080060b0                dm_opendir
 .text.dm_readdir
                0x08006154       0x44 src/newlib/devman.o
                0x08006154                dm_readdir
 .text.dm_closedir
                0x08006198       0x50 src/newlib/devman.o
                0x08006198                dm_closedir
 .text._open_r  0x080061e8       0xb8 src/newlib/stubs.o
                0x080061e8                _open_r
 .text._close_r
                0x080062a0       0x24 src/newlib/stubs.o
                0x080062a0                _close_r
 .text._fstat_r
                0x080062c4       0x18 src/newlib/stubs.o
                0x080062c4                _fstat_r
 .text._lseek_r
                0x080062dc       0x32 src/newlib/stubs.o
                0x080062dc                _lseek_r
 .text._read_r  0x0800630e       0x32 src/newlib/stubs.o
                0x0800630e                _read_r
 .text._write_r
                0x08006340       0x32 src/newlib/stubs.o
                0x08006340                _write_r
 .text._isatty_r
                0x08006372        0x4 src/newlib/stubs.o
                0x08006372                _isatty_r
 .text._getpid  0x08006376        0x4 src/newlib/stubs.o
                0x08006376                _getpid
 .text._unlink_r
                0x0800637a        0xa src/newlib/stubs.o
                0x0800637a                _unlink_r
 .text._exit    0x08006384        0x2 src/newlib/stubs.o
                0x08006384                _exit
 .text._kill    0x08006386        0x6 src/newlib/stubs.o
                0x08006386                _kill
 .text.elua_sbrk
                0x0800638c       0x5c src/newlib/stubs.o
                0x0800638c                elua_sbrk
 .text._malloc_r
                0x080063e8        0x6 src/newlib/stubs.o
                0x080063e8                _malloc_r
 .text._calloc_r
                0x080063ee        0x8 src/newlib/stubs.o
                0x080063ee                _calloc_r
 .text._free_r  0x080063f6        0x6 src/newlib/stubs.o
                0x080063f6                _free_r
 .text._realloc_r
                0x080063fc        0x8 src/newlib/stubs.o
                0x080063fc                _realloc_r
 .text.std_read
                0x08006404      0x110 src/newlib/genstd.o
 .text.std_write
                0x08006514       0x64 src/newlib/genstd.o
 .text.std_set_send_func
                0x08006578        0xc src/newlib/genstd.o
                0x08006578                std_set_send_func
 .text.std_set_get_func
                0x08006584        0xc src/newlib/genstd.o
                0x08006584                std_set_get_func
 .text.std_get_desc
                0x08006590        0x8 src/newlib/genstd.o
                0x08006590                std_get_desc
 .text.index2adr
                0x08006598       0x9c src/lua/lapi.o
 .text.getcurrenv
                0x08006634       0x20 src/lua/lapi.o
 .text.aux_upvalue
                0x08006654       0x54 src/lua/lapi.o
 .text.f_Ccall  0x080066a8       0x46 src/lua/lapi.o
 .text.f_call   0x080066ee        0x6 src/lua/lapi.o
 .text.luaA_pushobject
                0x080066f4       0x18 src/lua/lapi.o
                0x080066f4                luaA_pushobject
 .text.lua_checkstack
                0x0800670c       0x48 src/lua/lapi.o
                0x0800670c                lua_checkstack
 .text.lua_xmove
                0x08006754       0x34 src/lua/lapi.o
                0x08006754                lua_xmove
 .text.lua_setlevel
                0x08006788        0x6 src/lua/lapi.o
                0x08006788                lua_setlevel
 .text.lua_atpanic
                0x0800678e        0x8 src/lua/lapi.o
                0x0800678e                lua_atpanic
 .text.lua_newthread
                0x08006796       0x28 src/lua/lapi.o
                0x08006796                lua_newthread
 .text.lua_gettop
                0x080067be        0xa src/lua/lapi.o
                0x080067be                lua_gettop
 .text.lua_settop
                0x080067c8       0x2a src/lua/lapi.o
                0x080067c8                lua_settop
 .text.lua_remove
                0x080067f2       0x2e src/lua/lapi.o
                0x080067f2                lua_remove
 .text.lua_insert
                0x08006820       0x34 src/lua/lapi.o
                0x08006820                lua_insert
 .text.lua_replace
                0x08006854       0xb0 src/lua/lapi.o
                0x08006854                lua_replace
 .text.lua_pushvalue
                0x08006904       0x1e src/lua/lapi.o
                0x08006904                lua_pushvalue
 *fill*         0x08006922        0x2 00
 .text.lua_type
                0x08006924       0x18 src/lua/lapi.o
                0x08006924                lua_type
 .text.lua_typename
                0x0800693c       0x18 src/lua/lapi.o
                0x0800693c                lua_typename
 .text.lua_iscfunction
                0x08006954       0x24 src/lua/lapi.o
                0x08006954                lua_iscfunction
 .text.lua_isnumber
                0x08006978       0x20 src/lua/lapi.o
                0x08006978                lua_isnumber
 .text.lua_isstring
                0x08006998       0x12 src/lua/lapi.o
                0x08006998                lua_isstring
 *fill*         0x080069aa        0x2 00
 .text.lua_rawequal
                0x080069ac       0x34 src/lua/lapi.o
                0x080069ac                lua_rawequal
 .text.lua_lessthan
                0x080069e0       0x34 src/lua/lapi.o
                0x080069e0                lua_lessthan
 .text.lua_tonumber
                0x08006a14       0x26 src/lua/lapi.o
                0x08006a14                lua_tonumber
 .text.lua_tointeger
                0x08006a3a       0x24 src/lua/lapi.o
                0x08006a3a                lua_tointeger
 .text.lua_toboolean
                0x08006a5e       0x20 src/lua/lapi.o
                0x08006a5e                lua_toboolean
 .text.lua_tolstring
                0x08006a7e       0x4e src/lua/lapi.o
                0x08006a7e                lua_tolstring
 .text.lua_objlen
                0x08006acc       0x50 src/lua/lapi.o
                0x08006acc                lua_objlen
 .text.lua_touserdata
                0x08006b1c       0x1e src/lua/lapi.o
                0x08006b1c                lua_touserdata
 .text.lua_tothread
                0x08006b3a       0x12 src/lua/lapi.o
                0x08006b3a                lua_tothread
 .text.lua_topointer
                0x08006b4c       0x34 src/lua/lapi.o
                0x08006b4c                lua_topointer
 .text.lua_pushnil
                0x08006b80        0xe src/lua/lapi.o
                0x08006b80                lua_pushnil
 .text.lua_pushnumber
                0x08006b8e       0x12 src/lua/lapi.o
                0x08006b8e                lua_pushnumber
 .text.lua_pushinteger
                0x08006ba0       0x1c src/lua/lapi.o
                0x08006ba0                lua_pushinteger
 .text.lua_pushlstring
                0x08006bbc       0x30 src/lua/lapi.o
                0x08006bbc                lua_pushlstring
 .text.lua_pushstring
                0x08006bec       0x24 src/lua/lapi.o
                0x08006bec                lua_pushstring
 .text.lua_pushvfstring
                0x08006c10       0x24 src/lua/lapi.o
                0x08006c10                lua_pushvfstring
 .text.lua_pushfstring
                0x08006c34       0x28 src/lua/lapi.o
                0x08006c34                lua_pushfstring
 .text.lua_pushcclosure
                0x08006c5c       0x5c src/lua/lapi.o
                0x08006c5c                lua_pushcclosure
 .text.lua_pushboolean
                0x08006cb8       0x16 src/lua/lapi.o
                0x08006cb8                lua_pushboolean
 .text.lua_pushlightuserdata
                0x08006cce       0x10 src/lua/lapi.o
                0x08006cce                lua_pushlightuserdata
 .text.lua_pushrotable
                0x08006cde       0x10 src/lua/lapi.o
                0x08006cde                lua_pushrotable
 .text.lua_pushlightfunction
                0x08006cee       0x10 src/lua/lapi.o
                0x08006cee                lua_pushlightfunction
 .text.lua_pushthread
                0x08006cfe       0x1c src/lua/lapi.o
                0x08006cfe                lua_pushthread
 .text.lua_gettable
                0x08006d1a       0x1a src/lua/lapi.o
                0x08006d1a                lua_gettable
 .text.lua_getfield
                0x08006d34       0x48 src/lua/lapi.o
                0x08006d34                lua_getfield
 .text.lua_rawget
                0x08006d7c       0x32 src/lua/lapi.o
                0x08006d7c                lua_rawget
 .text.lua_rawgeti
                0x08006dae       0x34 src/lua/lapi.o
                0x08006dae                lua_rawgeti
 .text.lua_createtable
                0x08006de2       0x30 src/lua/lapi.o
                0x08006de2                lua_createtable
 .text.lua_getmetatable
                0x08006e12       0x52 src/lua/lapi.o
                0x08006e12                lua_getmetatable
 .text.lua_getfenv
                0x08006e64       0x3c src/lua/lapi.o
                0x08006e64                lua_getfenv
 .text.lua_settable
                0x08006ea0       0x20 src/lua/lapi.o
                0x08006ea0                lua_settable
 .text.lua_setfield
                0x08006ec0       0x40 src/lua/lapi.o
                0x08006ec0                lua_setfield
 .text.lua_rawset
                0x08006f00       0x60 src/lua/lapi.o
                0x08006f00                lua_rawset
 .text.lua_rawseti
                0x08006f60       0x60 src/lua/lapi.o
                0x08006f60                lua_rawseti
 .text.lua_setmetatable
                0x08006fc0       0x84 src/lua/lapi.o
                0x08006fc0                lua_setmetatable
 .text.lua_setfenv
                0x08007044       0x58 src/lua/lapi.o
                0x08007044                lua_setfenv
 .text.lua_call
                0x0800709c       0x24 src/lua/lapi.o
                0x0800709c                lua_call
 .text.lua_pcall
                0x080070c0       0x4c src/lua/lapi.o
                0x080070c0                lua_pcall
 .text.lua_cpcall
                0x0800710c       0x24 src/lua/lapi.o
                0x0800710c                lua_cpcall
 .text.lua_load
                0x08007130       0x30 src/lua/lapi.o
                0x08007130                lua_load
 .text.lua_dump
                0x08007160       0x28 src/lua/lapi.o
                0x08007160                lua_dump
 .text.lua_status
                0x08007188        0x4 src/lua/lapi.o
                0x08007188                lua_status
 .text.lua_gc   0x0800718c       0xb6 src/lua/lapi.o
                0x0800718c                lua_gc
 .text.lua_error
                0x08007242        0xa src/lua/lapi.o
                0x08007242                lua_error
 .text.lua_next
                0x0800724c       0x34 src/lua/lapi.o
                0x0800724c                lua_next
 .text.lua_concat
                0x08007280       0x58 src/lua/lapi.o
                0x08007280                lua_concat
 .text.lua_setallocf
                0x080072d8        0xa src/lua/lapi.o
                0x080072d8                lua_setallocf
 .text.lua_newuserdata
                0x080072e2       0x36 src/lua/lapi.o
                0x080072e2                lua_newuserdata
 .text.lua_getupvalue
                0x08007318       0x2c src/lua/lapi.o
                0x08007318                lua_getupvalue
 .text.lua_setupvalue
                0x08007344       0x52 src/lua/lapi.o
                0x08007344                lua_setupvalue
 .text.isnumeral
                0x08007396       0x22 src/lua/lcode.o
 .text.freereg  0x080073b8       0x14 src/lua/lcode.o
 .text.freeexp  0x080073cc        0xe src/lua/lcode.o
 *fill*         0x080073da        0x2 00
 .text.fixjump  0x080073dc       0x40 src/lua/lcode.o
 .text.addk     0x0800741c       0xbc src/lua/lcode.o
 .text.getjump.isra.0
                0x080074d8       0x1c src/lua/lcode.o
 .text.getjumpcontrol.isra.1
                0x080074f4       0x24 src/lua/lcode.o
 .text.need_value
                0x08007518       0x32 src/lua/lcode.o
 *fill*         0x0800754a        0x2 00
 .text.patchtestreg
                0x0800754c       0x4c src/lua/lcode.o
 .text.removevalues
                0x08007598       0x22 src/lua/lcode.o
 .text.patchlistaux
                0x080075ba       0x42 src/lua/lcode.o
 .text.luaK_code
                0x080075fc       0x7c src/lua/lcode.o
 .text.invertjump.isra.2
                0x08007678       0x22 src/lua/lcode.o
 .text.luaK_getlabel
                0x0800769a        0x8 src/lua/lcode.o
                0x0800769a                luaK_getlabel
 .text.luaK_concat
                0x080076a2       0x32 src/lua/lcode.o
                0x080076a2                luaK_concat
 .text.luaK_patchtohere
                0x080076d4       0x1a src/lua/lcode.o
                0x080076d4                luaK_patchtohere
 .text.luaK_patchlist
                0x080076ee       0x1e src/lua/lcode.o
                0x080076ee                luaK_patchlist
 .text.luaK_checkstack
                0x0800770c       0x2c src/lua/lcode.o
                0x0800770c                luaK_checkstack
 .text.luaK_reserveregs
                0x08007738       0x12 src/lua/lcode.o
                0x08007738                luaK_reserveregs
 .text.luaK_stringK
                0x0800774a       0x14 src/lua/lcode.o
                0x0800774a                luaK_stringK
 .text.luaK_numberK
                0x0800775e       0x16 src/lua/lcode.o
                0x0800775e                luaK_numberK
 .text.luaK_setreturns
                0x08007774       0x7c src/lua/lcode.o
                0x08007774                luaK_setreturns
 .text.luaK_setoneret
                0x080077f0       0x40 src/lua/lcode.o
                0x080077f0                luaK_setoneret
 .text.luaK_fixline
                0x08007830        0xe src/lua/lcode.o
                0x08007830                luaK_fixline
 .text.luaK_codeABC
                0x0800783e       0x1c src/lua/lcode.o
                0x0800783e                luaK_codeABC
 .text.code_label
                0x0800785a       0x1e src/lua/lcode.o
 .text.luaK_ret
                0x08007878       0x14 src/lua/lcode.o
                0x08007878                luaK_ret
 .text.luaK_nil
                0x0800788c       0x68 src/lua/lcode.o
                0x0800788c                luaK_nil
 .text.luaK_codeABx
                0x080078f4       0x16 src/lua/lcode.o
                0x080078f4                luaK_codeABx
 .text.luaK_dischargevars
                0x0800790a       0x6a src/lua/lcode.o
                0x0800790a                luaK_dischargevars
 .text.discharge2reg
                0x08007974       0xa2 src/lua/lcode.o
 .text.discharge2anyreg
                0x08007a16       0x24 src/lua/lcode.o
 *fill*         0x08007a3a        0x2 00
 .text.luaK_jump
                0x08007a3c       0x2c src/lua/lcode.o
                0x08007a3c                luaK_jump
 .text.condjump
                0x08007a68       0x18 src/lua/lcode.o
 .text.jumponcond
                0x08007a80       0x58 src/lua/lcode.o
 .text.luaK_goiftrue
                0x08007ad8       0x58 src/lua/lcode.o
                0x08007ad8                luaK_goiftrue
 .text.exp2reg  0x08007b30       0xb2 src/lua/lcode.o
 .text.luaK_exp2nextreg
                0x08007be2       0x2a src/lua/lcode.o
                0x08007be2                luaK_exp2nextreg
 .text.luaK_exp2anyreg
                0x08007c0c       0x3e src/lua/lcode.o
                0x08007c0c                luaK_exp2anyreg
 .text.luaK_exp2val
                0x08007c4a       0x10 src/lua/lcode.o
                0x08007c4a                luaK_exp2val
 .text.luaK_exp2RK
                0x08007c5a       0x86 src/lua/lcode.o
                0x08007c5a                luaK_exp2RK
 .text.codearith
                0x08007ce0      0x15a src/lua/lcode.o
 .text.codecomp
                0x08007e3a       0x60 src/lua/lcode.o
 .text.luaK_posfix
                0x08007e9a      0x10c src/lua/lcode.o
                0x08007e9a                luaK_posfix
 .text.luaK_infix
                0x08007fa6       0x92 src/lua/lcode.o
                0x08007fa6                luaK_infix
 .text.luaK_indexed
                0x08008038       0x12 src/lua/lcode.o
                0x08008038                luaK_indexed
 .text.luaK_prefix
                0x0800804a       0xc2 src/lua/lcode.o
                0x0800804a                luaK_prefix
 .text.luaK_self
                0x0800810c       0x4c src/lua/lcode.o
                0x0800810c                luaK_self
 .text.luaK_storevar
                0x08008158       0x78 src/lua/lcode.o
                0x08008158                luaK_storevar
 .text.luaK_setlist
                0x080081d0       0x48 src/lua/lcode.o
                0x080081d0                luaK_setlist
 .text.currentpc
                0x08008218       0x3c src/lua/ldebug.o
 .text.currentline
                0x08008254       0x36 src/lua/ldebug.o
 .text.checkArgMode
                0x0800828a       0x46 src/lua/ldebug.o
 .text.getluaproto.isra.0
                0x080082d0       0x18 src/lua/ldebug.o
 .text.findlocal
                0x080082e8       0x4c src/lua/ldebug.o
 .text.kname.isra.1
                0x08008334       0x28 src/lua/ldebug.o
 .text.lua_sethook
                0x0800835c       0x1a src/lua/ldebug.o
                0x0800835c                lua_sethook
 .text.lua_gethook
                0x08008376        0x4 src/lua/ldebug.o
                0x08008376                lua_gethook
 .text.lua_gethookmask
                0x0800837a        0x6 src/lua/ldebug.o
                0x0800837a                lua_gethookmask
 .text.lua_gethookcount
                0x08008380        0x4 src/lua/ldebug.o
                0x08008380                lua_gethookcount
 .text.lua_getstack
                0x08008384       0x54 src/lua/ldebug.o
                0x08008384                lua_getstack
 .text.lua_getlocal
                0x080083d8       0x2e src/lua/ldebug.o
                0x080083d8                lua_getlocal
 .text.lua_setlocal
                0x08008406       0x36 src/lua/ldebug.o
                0x08008406                lua_setlocal
 .text.luaG_checkopenop
                0x0800843c       0x20 src/lua/ldebug.o
                0x0800843c                luaG_checkopenop
 .text.symbexec
                0x0800845c      0x37c src/lua/ldebug.o
 .text.getobjname
                0x080087d8       0xf0 src/lua/ldebug.o
 .text.lua_getinfo
                0x080088c8      0x278 src/lua/ldebug.o
                0x080088c8                lua_getinfo
 .text.luaG_checkcode
                0x08008b40       0x12 src/lua/ldebug.o
                0x08008b40                luaG_checkcode
 .text.luaG_errormsg
                0x08008b52       0x6e src/lua/ldebug.o
                0x08008b52                luaG_errormsg
 .text.luaG_runerror
                0x08008bc0       0x64 src/lua/ldebug.o
                0x08008bc0                luaG_runerror
 .text.luaG_ordererror
                0x08008c24       0x3c src/lua/ldebug.o
                0x08008c24                luaG_ordererror
 .text.luaG_typeerror
                0x08008c60       0x68 src/lua/ldebug.o
                0x08008c60                luaG_typeerror
 .text.luaG_aritherror
                0x08008cc8       0x28 src/lua/ldebug.o
                0x08008cc8                luaG_aritherror
 .text.luaG_concaterror
                0x08008cf0       0x14 src/lua/ldebug.o
                0x08008cf0                luaG_concaterror
 .text.luaD_seterrorobj
                0x08008d04       0x54 src/lua/ldo.o
                0x08008d04                luaD_seterrorobj
 .text.luaD_rawrunprotected
                0x08008d58       0x34 src/lua/ldo.o
                0x08008d58                luaD_rawrunprotected
 .text.luaD_reallocstack
                0x08008d8c       0xb6 src/lua/ldo.o
                0x08008d8c                luaD_reallocstack
 *fill*         0x08008e42        0x2 00
 .text.luaD_reallocCI
                0x08008e44       0x44 src/lua/ldo.o
                0x08008e44                luaD_reallocCI
 .text.restore_stack_limit
                0x08008e88       0x24 src/lua/ldo.o
 .text.luaD_throw
                0x08008eac       0x6a src/lua/ldo.o
                0x08008eac                luaD_throw
 *fill*         0x08008f16        0x2 00
 .text.growCI   0x08008f18       0x34 src/lua/ldo.o
 .text.luaD_growstack
                0x08008f4c       0x10 src/lua/ldo.o
                0x08008f4c                luaD_growstack
 .text.f_parser
                0x08008f5c       0xac src/lua/ldo.o
 .text.resume_error
                0x08009008       0x40 src/lua/ldo.o
 .text.luaD_callhook
                0x08009048       0x88 src/lua/ldo.o
                0x08009048                luaD_callhook
 .text.luaD_poscall
                0x080090d0       0xae src/lua/ldo.o
                0x080090d0                luaD_poscall
 *fill*         0x0800917e        0x2 00
 .text.luaD_precall
                0x08009180      0x300 src/lua/ldo.o
                0x08009180                luaD_precall
 .text.resume   0x08009480       0x5c src/lua/ldo.o
 .text.luaD_call
                0x080094dc       0x60 src/lua/ldo.o
                0x080094dc                luaD_call
 .text.lua_resume
                0x0800953c       0x70 src/lua/ldo.o
                0x0800953c                lua_resume
 .text.lua_yield
                0x080095ac       0x2c src/lua/ldo.o
                0x080095ac                lua_yield
 .text.luaD_pcall
                0x080095d8       0x62 src/lua/ldo.o
                0x080095d8                luaD_pcall
 *fill*         0x0800963a        0x2 00
 .text.luaD_protectedparser
                0x0800963c       0x3c src/lua/ldo.o
                0x0800963c                luaD_protectedparser
 .text.DumpBlock
                0x08009678       0x1c src/lua/ldump.o
 .text.DumpChar
                0x08009694       0x14 src/lua/ldump.o
 .text.MaybeByteSwap.isra.0
                0x080096a8       0x22 src/lua/ldump.o
 .text.DumpIntWithSize
                0x080096ca       0x72 src/lua/ldump.o
 .text.DumpInt  0x0800973c        0x8 src/lua/ldump.o
 .text.DumpSize
                0x08009744       0x66 src/lua/ldump.o
 .text.DumpString
                0x080097aa       0x30 src/lua/ldump.o
 .text.DumpFunction
                0x080097da      0x222 src/lua/ldump.o
 .text.luaU_dump_crosscompile
                0x080099fc       0x74 src/lua/ldump.o
                0x080099fc                luaU_dump_crosscompile
 .text.luaU_dump
                0x08009a70       0x48 src/lua/ldump.o
                0x08009a70                luaU_dump
 .text.unlinkupval
                0x08009ab8        0xe src/lua/lfunc.o
 .text.luaF_newCclosure
                0x08009ac6       0x2c src/lua/lfunc.o
                0x08009ac6                luaF_newCclosure
 .text.luaF_newLclosure
                0x08009af2       0x44 src/lua/lfunc.o
                0x08009af2                luaF_newLclosure
 .text.luaF_newupval
                0x08009b36       0x28 src/lua/lfunc.o
                0x08009b36                luaF_newupval
 .text.luaF_findupval
                0x08009b5e       0x70 src/lua/lfunc.o
                0x08009b5e                luaF_findupval
 .text.luaF_freeupval
                0x08009bce       0x26 src/lua/lfunc.o
                0x08009bce                luaF_freeupval
 .text.luaF_close
                0x08009bf4       0x52 src/lua/lfunc.o
                0x08009bf4                luaF_close
 .text.luaF_newproto
                0x08009c46       0x4e src/lua/lfunc.o
                0x08009c46                luaF_newproto
 .text.luaF_freeproto
                0x08009c94       0x6a src/lua/lfunc.o
                0x08009c94                luaF_freeproto
 .text.luaF_freeclosure
                0x08009cfe       0x16 src/lua/lfunc.o
                0x08009cfe                luaF_freeclosure
 .text.luaF_getlocalname
                0x08009d14       0x34 src/lua/lfunc.o
                0x08009d14                luaF_getlocalname
 .text.iscleared
                0x08009d48       0x32 src/lua/lgc.o
 .text.reallymarkobject
                0x08009d7a       0x94 src/lua/lgc.o
 .text.markmt   0x08009e0e       0x2e src/lua/lgc.o
 .text.sweeplist
                0x08009e3c       0xc6 src/lua/lgc.o
 .text.sweepstrstep
                0x08009f02       0x34 src/lua/lgc.o
 .text.GCTM     0x08009f36       0x9e src/lua/lgc.o
 .text.removeentry.isra.0
                0x08009fd4        0xc src/lua/lgc.o
 .text.propagatemark
                0x08009fe0      0x3a4 src/lua/lgc.o
 .text.propagateall
                0x0800a384       0x1a src/lua/lgc.o
 .text.markroot.isra.1
                0x0800a39e       0x5c src/lua/lgc.o
 .text.luaC_separateudata
                0x0800a3fa       0x80 src/lua/lgc.o
                0x0800a3fa                luaC_separateudata
 .text.singlestep
                0x0800a47a      0x21a src/lua/lgc.o
 .text.luaC_callGCTM
                0x0800a694       0x16 src/lua/lgc.o
                0x0800a694                luaC_callGCTM
 .text.luaC_freeall
                0x0800a6aa       0x34 src/lua/lgc.o
                0x0800a6aa                luaC_freeall
 *fill*         0x0800a6de        0x2 00
 .text.luaC_step
                0x0800a6e0       0x84 src/lua/lgc.o
                0x0800a6e0                luaC_step
 .text.luaC_sweepstrgc
                0x0800a764       0x26 src/lua/lgc.o
                0x0800a764                luaC_sweepstrgc
 .text.luaC_fullgc
                0x0800a78a       0x6c src/lua/lgc.o
                0x0800a78a                luaC_fullgc
 .text.luaC_barrierf
                0x0800a7f6       0x24 src/lua/lgc.o
                0x0800a7f6                luaC_barrierf
 .text.luaC_barrierback
                0x0800a81a       0x14 src/lua/lgc.o
                0x0800a81a                luaC_barrierback
 .text.luaC_marknew
                0x0800a82e       0x18 src/lua/lgc.o
                0x0800a82e                luaC_marknew
 .text.luaC_link
                0x0800a846       0x14 src/lua/lgc.o
                0x0800a846                luaC_link
 .text.luaC_linkupval
                0x0800a85a       0x46 src/lua/lgc.o
                0x0800a85a                luaC_linkupval
 .text.buffreplace.isra.0
                0x0800a8a0       0x16 src/lua/llex.o
 *fill*         0x0800a8b6        0x2 00
 .text.luaX_init
                0x0800a8b8       0x34 src/lua/llex.o
                0x0800a8b8                luaX_init
 .text.luaX_token2str
                0x0800a8ec       0x3c src/lua/llex.o
                0x0800a8ec                luaX_token2str
 .text.luaX_lexerror
                0x0800a928       0x68 src/lua/llex.o
                0x0800a928                luaX_lexerror
 .text.save     0x0800a990       0x54 src/lua/llex.o
 .text.skip_sep
                0x0800a9e4       0x64 src/lua/llex.o
 .text.check_next
                0x0800aa48       0x3a src/lua/llex.o
 *fill*         0x0800aa82        0x2 00
 .text.read_numeral
                0x0800aa84       0xfc src/lua/llex.o
 .text.luaX_syntaxerror
                0x0800ab80        0x6 src/lua/llex.o
                0x0800ab80                luaX_syntaxerror
 *fill*         0x0800ab86        0x2 00
 .text.inclinenumber
                0x0800ab88       0x70 src/lua/llex.o
 .text.luaX_newstring
                0x0800abf8       0x38 src/lua/llex.o
                0x0800abf8                luaX_newstring
 .text.read_long_string
                0x0800ac30      0x148 src/lua/llex.o
 .text.llex     0x0800ad78      0x500 src/lua/llex.o
 .text.luaX_setinput
                0x0800b278       0x54 src/lua/llex.o
                0x0800b278                luaX_setinput
 .text.luaX_next
                0x0800b2cc       0x30 src/lua/llex.o
                0x0800b2cc                luaX_next
 .text.luaX_lookahead
                0x0800b2fc       0x10 src/lua/llex.o
                0x0800b2fc                luaX_lookahead
 .text.luaM_toobig
                0x0800b30c       0x10 src/lua/lmem.o
                0x0800b30c                luaM_toobig
 .text.luaM_realloc_
                0x0800b31c       0x30 src/lua/lmem.o
                0x0800b31c                luaM_realloc_
 .text.luaM_growaux_
                0x0800b34c       0x5c src/lua/lmem.o
                0x0800b34c                luaM_growaux_
 .text.pushstr  0x0800b3a8       0x38 src/lua/lobject.o
 .text.luaO_int2fb
                0x0800b3e0       0x1c src/lua/lobject.o
                0x0800b3e0                luaO_int2fb
 .text.luaO_fb2int
                0x0800b3fc       0x14 src/lua/lobject.o
                0x0800b3fc                luaO_fb2int
 .text.luaO_log2
                0x0800b410       0x1c src/lua/lobject.o
                0x0800b410                luaO_log2
 .text.luaO_rawequalObj
                0x0800b42c       0x44 src/lua/lobject.o
                0x0800b42c                luaO_rawequalObj
 .text.luaO_str2d
                0x0800b470       0x68 src/lua/lobject.o
                0x0800b470                luaO_str2d
 .text.luaO_pushvfstring
                0x0800b4d8      0x17c src/lua/lobject.o
                0x0800b4d8                luaO_pushvfstring
 .text.luaO_pushfstring
                0x0800b654       0x18 src/lua/lobject.o
                0x0800b654                luaO_pushfstring
 .text.luaO_chunkid
                0x0800b66c       0x9c src/lua/lobject.o
                0x0800b66c                luaO_chunkid
 .text.init_exp
                0x0800b708        0xe src/lua/lparser.o
 .text.enterblock
                0x0800b716       0x1c src/lua/lparser.o
 *fill*         0x0800b732        0x2 00
 .text.block_follow
                0x0800b734       0x1c src/lua/lparser.o
 .text.testnext
                0x0800b750       0x14 src/lua/lparser.o
 .text.open_func
                0x0800b764       0x8c src/lua/lparser.o
 .text.enterlevel
                0x0800b7f0       0x1c src/lua/lparser.o
 .text.breakstat
                0x0800b80c       0x4c src/lua/lparser.o
 .text.errorlimit
                0x0800b858       0x40 src/lua/lparser.o
 .text.new_localvar
                0x0800b898       0xb0 src/lua/lparser.o
 .text.error_expected
                0x0800b948       0x24 src/lua/lparser.o
 .text.check    0x0800b96c        0xc src/lua/lparser.o
 .text.str_checkname
                0x0800b978       0x18 src/lua/lparser.o
 .text.checknext
                0x0800b990       0x12 src/lua/lparser.o
 *fill*         0x0800b9a2        0x2 00
 .text.check_match
                0x0800b9a4       0x64 src/lua/lparser.o
 .text.adjustlocalvars.isra.0
                0x0800ba08       0x32 src/lua/lparser.o
 .text.removevars.isra.1
                0x0800ba3a       0x2c src/lua/lparser.o
 .text.leaveblock
                0x0800ba66       0x3a src/lua/lparser.o
 .text.close_func
                0x0800baa0      0x12c src/lua/lparser.o
 .text.singlevaraux
                0x0800bbcc      0x158 src/lua/lparser.o
 .text.singlevar
                0x0800bd24       0x2a src/lua/lparser.o
 .text.codestring.isra.3
                0x0800bd4e       0x18 src/lua/lparser.o
 .text.checkname
                0x0800bd66       0x18 src/lua/lparser.o
 .text.field    0x0800bd7e       0x2c src/lua/lparser.o
 .text.adjust_assign.isra.5
                0x0800bdaa       0x58 src/lua/lparser.o
 *fill*         0x0800be02        0x2 00
 .text.chunk    0x0800be04      0x5d8 src/lua/lparser.o
 .text.body     0x0800c3dc      0x1e4 src/lua/lparser.o
 .text.subexpr  0x0800c5c0      0x23c src/lua/lparser.o
 .text.expr     0x0800c7fc        0x6 src/lua/lparser.o
 .text.cond     0x0800c802       0x28 src/lua/lparser.o
 .text.yindex   0x0800c82a       0x26 src/lua/lparser.o
 .text.recfield
                0x0800c850       0x84 src/lua/lparser.o
 .text.listfield
                0x0800c8d4       0x30 src/lua/lparser.o
 .text.constructor
                0x0800c904      0x170 src/lua/lparser.o
 .text.explist1
                0x0800ca74       0x30 src/lua/lparser.o
 .text.funcargs
                0x0800caa4       0xd8 src/lua/lparser.o
 .text.primaryexp
                0x0800cb7c       0xd0 src/lua/lparser.o
 .text.assignment
                0x0800cc4c      0x108 src/lua/lparser.o
 .text.exp1     0x0800cd54       0x1e src/lua/lparser.o
 .text.block    0x0800cd72       0x2e src/lua/lparser.o
 .text.test_then_block
                0x0800cda0       0x24 src/lua/lparser.o
 .text.forbody  0x0800cdc4       0xbc src/lua/lparser.o
 .text.luaY_parser
                0x0800ce80       0x9a src/lua/lparser.o
                0x0800ce80                luaY_parser
 .text.preinit_state
                0x0800cf1a       0x30 src/lua/lstate.o
 .text.freestack
                0x0800cf4a       0x26 src/lua/lstate.o
 .text.close_state
                0x0800cf70       0x4c src/lua/lstate.o
 .text.stack_init
                0x0800cfbc       0x5a src/lua/lstate.o
 .text.callallgcTM
                0x0800d016        0x4 src/lua/lstate.o
 *fill*         0x0800d01a        0x2 00
 .text.f_luaopen
                0x0800d01c       0x60 src/lua/lstate.o
 .text.luaE_newthread
                0x0800d07c       0x72 src/lua/lstate.o
                0x0800d07c                luaE_newthread
 .text.luaE_freethread
                0x0800d0ee       0x26 src/lua/lstate.o
                0x0800d0ee                luaE_freethread
 .text.lua_newstate
                0x0800d114       0xe8 src/lua/lstate.o
                0x0800d114                lua_newstate
 .text.lua_open
                0x0800d1fc       0x10 src/lua/lstate.o
                0x0800d1fc                lua_open
 .text.lua_getstate
                0x0800d20c        0xc src/lua/lstate.o
                0x0800d20c                lua_getstate
 .text.lua_close
                0x0800d218       0x8c src/lua/lstate.o
                0x0800d218                lua_close
 .text.luaS_resize
                0x0800d2a4       0xc4 src/lua/lstring.o
                0x0800d2a4                luaS_resize
 .text.luaS_newlstr
                0x0800d368       0xfc src/lua/lstring.o
                0x0800d368                luaS_newlstr
 .text.luaS_newudata
                0x0800d464       0x44 src/lua/lstring.o
                0x0800d464                luaS_newudata
 .text.hashnum  0x0800d4a8       0x4c src/lua/ltable.o
 .text.mainposition
                0x0800d4f4       0x7a src/lua/ltable.o
 .text.arrayindex
                0x0800d56e       0x34 src/lua/ltable.o
 .text.getfreepos
                0x0800d5a2       0x1c src/lua/ltable.o
 .text.find_prev_node
                0x0800d5be        0xe src/lua/ltable.o
 .text.countint
                0x0800d5cc       0x28 src/lua/ltable.o
 .text.setarrayvector
                0x0800d5f4       0x3c src/lua/ltable.o
 .text.resizenodevector
                0x0800d630       0x8c src/lua/ltable.o
 .text.luaH_next
                0x0800d6bc       0xf0 src/lua/ltable.o
                0x0800d6bc                luaH_next
 .text.luaH_next_ro
                0x0800d7ac       0x16 src/lua/ltable.o
                0x0800d7ac                luaH_next_ro
 *fill*         0x0800d7c2        0x2 00
 .text.luaH_new
                0x0800d7c4       0x84 src/lua/ltable.o
                0x0800d7c4                luaH_new
 .text.luaH_free
                0x0800d848       0x3c src/lua/ltable.o
                0x0800d848                luaH_free
 .text.luaH_getnum
                0x0800d884       0x50 src/lua/ltable.o
                0x0800d884                luaH_getnum
 .text.luaH_getnum_ro
                0x0800d8d4       0x1c src/lua/ltable.o
                0x0800d8d4                luaH_getnum_ro
 .text.luaH_getstr
                0x0800d8f0       0x30 src/lua/ltable.o
                0x0800d8f0                luaH_getstr
 .text.luaH_getstr_ro
                0x0800d920       0x30 src/lua/ltable.o
                0x0800d920                luaH_getstr_ro
 .text.luaH_get
                0x0800d950       0x7c src/lua/ltable.o
                0x0800d950                luaH_get
 .text.luaH_get_ro
                0x0800d9cc       0x48 src/lua/ltable.o
                0x0800d9cc                luaH_get_ro
 .text.luaH_setnum
                0x0800da14       0x38 src/lua/ltable.o
                0x0800da14                luaH_setnum
 .text.resize   0x0800da4c      0x25c src/lua/ltable.o
 .text.newkey   0x0800dca8      0x18c src/lua/ltable.o
 .text.luaH_set
                0x0800de34       0x6c src/lua/ltable.o
                0x0800de34                luaH_set
 .text.luaH_resizearray
                0x0800dea0       0x24 src/lua/ltable.o
                0x0800dea0                luaH_resizearray
 .text.luaH_setstr
                0x0800dec4       0x30 src/lua/ltable.o
                0x0800dec4                luaH_setstr
 .text.luaH_getn
                0x0800def4       0xa4 src/lua/ltable.o
                0x0800def4                luaH_getn
 .text.luaH_getn_ro
                0x0800df98       0x20 src/lua/ltable.o
                0x0800df98                luaH_getn_ro
 .text.luaT_init
                0x0800dfb8       0x48 src/lua/ltm.o
                0x0800dfb8                luaT_init
 .text.luaT_gettm
                0x0800e000       0x3e src/lua/ltm.o
                0x0800e000                luaT_gettm
 *fill*         0x0800e03e        0x2 00
 .text.luaT_gettmbyobj
                0x0800e040       0x64 src/lua/ltm.o
                0x0800e040                luaT_gettmbyobj
 .text.error    0x0800e0a4       0x20 src/lua/lundump.o
 .text.LoadBlock
                0x0800e0c4       0x20 src/lua/lundump.o
 .text.LoadMem  0x0800e0e4       0x9c src/lua/lundump.o
 .text.LoadChar
                0x0800e180       0x14 src/lua/lundump.o
 .text.LoadInt  0x0800e194       0x24 src/lua/lundump.o
 .text.LoadString
                0x0800e1b8       0x38 src/lua/lundump.o
 .text.LoadFunction
                0x0800e1f0      0x364 src/lua/lundump.o
 .text.luaU_header
                0x0800e554       0x2c src/lua/lundump.o
                0x0800e554                luaU_header
 .text.luaU_undump
                0x0800e580       0xa0 src/lua/lundump.o
                0x0800e580                luaU_undump
 .text.callTMres
                0x0800e620       0x76 src/lua/lvm.o
 .text.call_binTM
                0x0800e696       0x3e src/lua/lvm.o
 .text.l_strcmp
                0x0800e6d4       0x40 src/lua/lvm.o
 .text.call_orderTM
                0x0800e714       0x5a src/lua/lvm.o
 .text.get_compTM.isra.0.constprop.1
                0x0800e76e       0x6c src/lua/lvm.o
 .text.luaV_tonumber
                0x0800e7da       0x2e src/lua/lvm.o
                0x0800e7da                luaV_tonumber
 .text.Arith    0x0800e808       0xf4 src/lua/lvm.o
 .text.luaV_tostring
                0x0800e8fc       0x48 src/lua/lvm.o
                0x0800e8fc                luaV_tostring
 .text.luaV_gettable
                0x0800e944      0x120 src/lua/lvm.o
                0x0800e944                luaV_gettable
 .text.luaV_settable
                0x0800ea64      0x1d0 src/lua/lvm.o
                0x0800ea64                luaV_settable
 .text.luaV_lessthan
                0x0800ec34       0x52 src/lua/lvm.o
                0x0800ec34                luaV_lessthan
 .text.luaV_equalval
                0x0800ec86       0x76 src/lua/lvm.o
                0x0800ec86                luaV_equalval
 .text.luaV_concat
                0x0800ecfc      0x168 src/lua/lvm.o
                0x0800ecfc                luaV_concat
 .text.luaV_execute
                0x0800ee64      0xbc4 src/lua/lvm.o
                0x0800ee64                luaV_execute
 .text.luaZ_fill
                0x0800fa28       0x2a src/lua/lzio.o
                0x0800fa28                luaZ_fill
 .text.luaZ_lookahead
                0x0800fa52       0x22 src/lua/lzio.o
                0x0800fa52                luaZ_lookahead
 .text.luaZ_init
                0x0800fa74        0xe src/lua/lzio.o
                0x0800fa74                luaZ_init
 .text.luaZ_read
                0x0800fa82       0x3e src/lua/lzio.o
                0x0800fa82                luaZ_read
 .text.luaZ_openspace
                0x0800fac0       0x30 src/lua/lzio.o
                0x0800fac0                luaZ_openspace
 .text.getS     0x0800faf0        0xe src/lua/lauxlib.o
 *fill*         0x0800fafe        0x2 00
 .text.panic    0x0800fb00       0x28 src/lua/lauxlib.o
 .text.l_alloc  0x0800fb28       0xa6 src/lua/lauxlib.o
 .text.emptybuffer
                0x0800fbce       0x26 src/lua/lauxlib.o
 .text.errfile  0x0800fbf4       0x3c src/lua/lauxlib.o
 .text.getF     0x0800fc30       0x44 src/lua/lauxlib.o
 .text.adjuststack
                0x0800fc74       0x48 src/lua/lauxlib.o
 .text.luaL_where
                0x0800fcbc       0x44 src/lua/lauxlib.o
                0x0800fcbc                luaL_where
 .text.luaL_error
                0x0800fd00       0x34 src/lua/lauxlib.o
                0x0800fd00                luaL_error
 .text.luaL_argerror
                0x0800fd34       0x74 src/lua/lauxlib.o
                0x0800fd34                luaL_argerror
 .text.luaL_typerror
                0x0800fda8       0x34 src/lua/lauxlib.o
                0x0800fda8                luaL_typerror
 .text.tag_error
                0x0800fddc       0x1a src/lua/lauxlib.o
 *fill*         0x0800fdf6        0x2 00
 .text.luaL_rometatable
                0x0800fdf8       0x50 src/lua/lauxlib.o
                0x0800fdf8                luaL_rometatable
 .text.luaL_checkudata
                0x0800fe48       0x54 src/lua/lauxlib.o
                0x0800fe48                luaL_checkudata
 .text.luaL_checkstack
                0x0800fe9c       0x20 src/lua/lauxlib.o
                0x0800fe9c                luaL_checkstack
 .text.luaL_checktype
                0x0800febc       0x20 src/lua/lauxlib.o
                0x0800febc                luaL_checktype
 .text.luaL_checkanyfunction
                0x0800fedc       0x48 src/lua/lauxlib.o
                0x0800fedc                luaL_checkanyfunction
 .text.luaL_checkanytable
                0x0800ff24       0x48 src/lua/lauxlib.o
                0x0800ff24                luaL_checkanytable
 .text.luaL_checkany
                0x0800ff6c       0x24 src/lua/lauxlib.o